Component: ARM Compiler 5.06 update 2 (build 183) Tool: armlink [4d35b7]

==============================================================================

Section Cross References

    usbd_conf.o(i.HAL_PCD_ConnectCallback) refers to usbd_core.o(i.USBD_LL_DevConnected) for USBD_LL_DevConnected
    usbd_conf.o(i.HAL_PCD_DataInStageCallback) refers to usbd_core.o(i.USBD_LL_DataInStage) for USBD_LL_DataInStage
    usbd_conf.o(i.HAL_PCD_DataOutStageCallback) refers to usbd_core.o(i.USBD_LL_DataOutStage) for USBD_LL_DataOutStage
    usbd_conf.o(i.HAL_PCD_DisconnectCallback) refers to usbd_core.o(i.USBD_LL_DevDisconnected) for USBD_LL_DevDisconnected
    usbd_conf.o(i.HAL_PCD_ISOINIncompleteCallback) refers to usbd_core.o(i.USBD_LL_IsoINIncomplete) for USBD_LL_IsoINIncomplete
    usbd_conf.o(i.HAL_PCD_ISOOUTIncompleteCallback) refers to usbd_core.o(i.USBD_LL_IsoOUTIncomplete) for USBD_LL_IsoOUTIncomplete
    usbd_conf.o(i.HAL_PCD_MspDeInit) refers to stm32f0xx_hal_cortex.o(i.HAL_NVIC_DisableIRQ) for HAL_NVIC_DisableIRQ
    usbd_conf.o(i.HAL_PCD_ResetCallback) refers to usbd_core.o(i.USBD_LL_SetSpeed) for USBD_LL_SetSpeed
    usbd_conf.o(i.HAL_PCD_ResetCallback) refers to usbd_core.o(i.USBD_LL_Reset) for USBD_LL_Reset
    usbd_conf.o(i.HAL_PCD_ResumeCallback) refers to main.o(i.SystemClock_Config) for SystemClock_Config
    usbd_conf.o(i.HAL_PCD_ResumeCallback) refers to usbd_core.o(i.USBD_LL_Resume) for USBD_LL_Resume
    usbd_conf.o(i.HAL_PCD_SOFCallback) refers to usbd_core.o(i.USBD_LL_SOF) for USBD_LL_SOF
    usbd_conf.o(i.HAL_PCD_SetupStageCallback) refers to usbd_core.o(i.USBD_LL_SetupStage) for USBD_LL_SetupStage
    usbd_conf.o(i.HAL_PCD_SuspendCallback) refers to usbd_core.o(i.USBD_LL_Suspend) for USBD_LL_Suspend
    usbd_conf.o(i.USBD_LL_ClearStallEP) refers to stm32f0xx_hal_pcd.o(i.HAL_PCD_EP_ClrStall) for HAL_PCD_EP_ClrStall
    usbd_conf.o(i.USBD_LL_CloseEP) refers to stm32f0xx_hal_pcd.o(i.HAL_PCD_EP_Close) for HAL_PCD_EP_Close
    usbd_conf.o(i.USBD_LL_DeInit) refers to stm32f0xx_hal_pcd.o(i.HAL_PCD_DeInit) for HAL_PCD_DeInit
    usbd_conf.o(i.USBD_LL_Delay) refers to stm32f0xx_hal.o(i.HAL_Delay) for HAL_Delay
    usbd_conf.o(i.USBD_LL_FlushEP) refers to stm32f0xx_hal_pcd.o(i.HAL_PCD_EP_Flush) for HAL_PCD_EP_Flush
    usbd_conf.o(i.USBD_LL_GetRxDataSize) refers to stm32f0xx_hal_pcd.o(i.HAL_PCD_EP_GetRxCount) for HAL_PCD_EP_GetRxCount
    usbd_conf.o(i.USBD_LL_Init) refers to stm32f0xx_hal_pcd.o(i.HAL_PCD_Init) for HAL_PCD_Init
    usbd_conf.o(i.USBD_LL_Init) refers to main.o(i.Error_Handler) for Error_Handler
    usbd_conf.o(i.USBD_LL_Init) refers to stm32f0xx_hal_pcd_ex.o(i.HAL_PCDEx_PMAConfig) for HAL_PCDEx_PMAConfig
    usbd_conf.o(i.USBD_LL_Init) refers to usbd_conf.o(.bss) for .bss
    usbd_conf.o(i.USBD_LL_OpenEP) refers to stm32f0xx_hal_pcd.o(i.HAL_PCD_EP_Open) for HAL_PCD_EP_Open
    usbd_conf.o(i.USBD_LL_PrepareReceive) refers to stm32f0xx_hal_pcd.o(i.HAL_PCD_EP_Receive) for HAL_PCD_EP_Receive
    usbd_conf.o(i.USBD_LL_SetUSBAddress) refers to stm32f0xx_hal_pcd.o(i.HAL_PCD_SetAddress) for HAL_PCD_SetAddress
    usbd_conf.o(i.USBD_LL_StallEP) refers to stm32f0xx_hal_pcd.o(i.HAL_PCD_EP_SetStall) for HAL_PCD_EP_SetStall
    usbd_conf.o(i.USBD_LL_Start) refers to stm32f0xx_hal_pcd.o(i.HAL_PCD_Start) for HAL_PCD_Start
    usbd_conf.o(i.USBD_LL_Stop) refers to stm32f0xx_hal_pcd.o(i.HAL_PCD_Stop) for HAL_PCD_Stop
    usbd_conf.o(i.USBD_LL_Transmit) refers to stm32f0xx_hal_pcd.o(i.HAL_PCD_EP_Transmit) for HAL_PCD_EP_Transmit
    usbd_conf.o(i.USBD_static_malloc) refers to usbd_conf.o(.bss) for .bss
    usbd_desc.o(i.USBD_FS_ConfigStrDescriptor) refers to usbd_ctlreq.o(i.USBD_GetString) for USBD_GetString
    usbd_desc.o(i.USBD_FS_ConfigStrDescriptor) refers to usbd_desc.o(.bss) for .bss
    usbd_desc.o(i.USBD_FS_DeviceDescriptor) refers to usbd_desc.o(.data) for .data
    usbd_desc.o(i.USBD_FS_InterfaceStrDescriptor) refers to usbd_ctlreq.o(i.USBD_GetString) for USBD_GetString
    usbd_desc.o(i.USBD_FS_InterfaceStrDescriptor) refers to usbd_desc.o(.bss) for .bss
    usbd_desc.o(i.USBD_FS_LangIDStrDescriptor) refers to usbd_desc.o(.data) for .data
    usbd_desc.o(i.USBD_FS_ManufacturerStrDescriptor) refers to usbd_ctlreq.o(i.USBD_GetString) for USBD_GetString
    usbd_desc.o(i.USBD_FS_ManufacturerStrDescriptor) refers to usbd_desc.o(.bss) for .bss
    usbd_desc.o(i.USBD_FS_ProductStrDescriptor) refers to usbd_ctlreq.o(i.USBD_GetString) for USBD_GetString
    usbd_desc.o(i.USBD_FS_ProductStrDescriptor) refers to usbd_desc.o(.bss) for .bss
    usbd_desc.o(i.USBD_FS_SerialStrDescriptor) refers to usbd_ctlreq.o(i.USBD_GetString) for USBD_GetString
    usbd_desc.o(i.USBD_FS_SerialStrDescriptor) refers to usbd_desc.o(.bss) for .bss
    usbd_desc.o(.data) refers to usbd_desc.o(i.USBD_FS_DeviceDescriptor) for USBD_FS_DeviceDescriptor
    usbd_desc.o(.data) refers to usbd_desc.o(i.USBD_FS_LangIDStrDescriptor) for USBD_FS_LangIDStrDescriptor
[...]
    TIM_OC3_SetConfig                        0x08004c41   Thumb Code   106  stm32f0xx_hal_tim.o(i.TIM_OC3_SetConfig)
    i.TIM_OC4_SetConfig                      0x08004cb8   Section        0  stm32f0xx_hal_tim.o(i.TIM_OC4_SetConfig)
    TIM_OC4_SetConfig                        0x08004cb9   Thumb Code    84  stm32f0xx_hal_tim.o(i.TIM_OC4_SetConfig)
    i.Tim17_loop                             0x08004d18   Section        0  usbd_cdc_if.o(i.Tim17_loop)
    i.UART_AdvFeatureConfig                  0x08004d5c   Section        0  stm32f0xx_hal_uart.o(i.UART_AdvFeatureConfig)
    i.UART_CheckIdleState                    0x08004e28   Section        0  stm32f0xx_hal_uart.o(i.UART_CheckIdleState)
    i.UART_DMAError                          0x08004e88   Section        0  stm32f0xx_hal_uart.o(i.UART_DMAError)
    UART_DMAError                            0x08004e89   Thumb Code    36  stm32f0xx_hal_uart.o(i.UART_DMAError)
    i.UART_DMATransmitCplt                   0x08004eac   Section        0  stm32f0xx_hal_uart.o(i.UART_DMATransmitCplt)
    UART_DMATransmitCplt                     0x08004ead   Thumb Code    48  stm32f0xx_hal_uart.o(i.UART_DMATransmitCplt)
    i.UART_DMATxHalfCplt                     0x08004edc   Section        0  stm32f0xx_hal_uart.o(i.UART_DMATxHalfCplt)
    UART_DMATxHalfCplt                       0x08004edd   Thumb Code    10  stm32f0xx_hal_uart.o(i.UART_DMATxHalfCplt)
    i.UART_EndTransmit_IT                    0x08004ee6   Section        0  stm32f0xx_hal_uart.o(i.UART_EndTransmit_IT)
    i.UART_Receive_IT                        0x08004f00   Section        0  stm32f0xx_hal_uart.o(i.UART_Receive_IT)
    i.UART_SetConfig                         0x08004f84   Section        0  stm32f0xx_hal_uart.o(i.UART_SetConfig)
    i.UART_Transmit_IT                       0x080050b4   Section        0  stm32f0xx_hal_uart.o(i.UART_Transmit_IT)
    i.UART_WaitOnFlagUntilTimeout            0x0800511a   Section        0  stm32f0xx_hal_uart.o(i.UART_WaitOnFlagUntilTimeout)
    i.USART1_IRQHandler                      0x080051cc   Section        0  stm32f0xx_it.o(i.USART1_IRQHandler)
    i.USBD_CDC_DataIn                        0x080051dc   Section        0  usbd_cdc.o(i.USBD_CDC_DataIn)
    USBD_CDC_DataIn                          0x080051dd   Thumb Code    30  usbd_cdc.o(i.USBD_CDC_DataIn)
    i.USBD_CDC_DataOut                       0x080051fa   Section        0  usbd_cdc.o(i.USBD_CDC_DataOut)
    USBD_CDC_DataOut                         0x080051fb   Thumb Code    52  usbd_cdc.o(i.USBD_CDC_DataOut)
    i.USBD_CDC_DeInit                        0x0800522e   Section        0  usbd_cdc.o(i.USBD_CDC_DeInit)
    USBD_CDC_DeInit                          0x0800522f   Thumb Code    60  usbd_cdc.o(i.USBD_CDC_DeInit)
    i.USBD_CDC_EP0_RxReady                   0x0800526a   Section        0  usbd_cdc.o(i.USBD_CDC_EP0_RxReady)
    USBD_CDC_EP0_RxReady                     0x0800526b   Thumb Code    40  usbd_cdc.o(i.USBD_CDC_EP0_RxReady)
    i.USBD_CDC_GetDeviceQualifierDescriptor  0x08005294   Section        0  usbd_cdc.o(i.USBD_CDC_GetDeviceQualifierDescriptor)
    i.USBD_CDC_GetFSCfgDesc                  0x080052a0   Section        0  usbd_cdc.o(i.USBD_CDC_GetFSCfgDesc)
    USBD_CDC_GetFSCfgDesc                    0x080052a1   Thumb Code     8  usbd_cdc.o(i.USBD_CDC_GetFSCfgDesc)
    i.USBD_CDC_GetHSCfgDesc                  0x080052ac   Section        0  usbd_cdc.o(i.USBD_CDC_GetHSCfgDesc)
    USBD_CDC_GetHSCfgDesc                    0x080052ad   Thumb Code     8  usbd_cdc.o(i.USBD_CDC_GetHSCfgDesc)
    i.USBD_CDC_GetOtherSpeedCfgDesc          0x080052b8   Section        0  usbd_cdc.o(i.USBD_CDC_GetOtherSpeedCfgDesc)
    USBD_CDC_GetOtherSpeedCfgDesc            0x080052b9   Thumb Code     8  usbd_cdc.o(i.USBD_CDC_GetOtherSpeedCfgDesc)
    i.USBD_CDC_Init                          0x080052c4   Section        0  usbd_cdc.o(i.USBD_CDC_Init)
    USBD_CDC_Init                            0x080052c5   Thumb Code   138  usbd_cdc.o(i.USBD_CDC_Init)
    i.USBD_CDC_ReceivePacket                 0x0800534e   Section        0  usbd_cdc.o(i.USBD_CDC_ReceivePacket)
    i.USBD_CDC_RegisterInterface             0x08005386   Section        0  usbd_cdc.o(i.USBD_CDC_RegisterInterface)
    i.USBD_CDC_SetRxBuffer                   0x0800539a   Section        0  usbd_cdc.o(i.USBD_CDC_SetRxBuffer)
    i.USBD_CDC_SetTxBuffer                   0x080053ae   Section        0  usbd_cdc.o(i.USBD_CDC_SetTxBuffer)
    i.USBD_CDC_Setup                         0x080053c4   Section        0  usbd_cdc.o(i.USBD_CDC_Setup)
    USBD_CDC_Setup                           0x080053c5   Thumb Code   112  usbd_cdc.o(i.USBD_CDC_Setup)
    i.USBD_CDC_TransmitPacket                0x08005438   Section        0  usbd_cdc.o(i.USBD_CDC_TransmitPacket)
    i.USBD_ClrClassConfig                    0x0800546c   Section        0  usbd_core.o(i.USBD_ClrClassConfig)
    i.USBD_CtlContinueRx                     0x0800547c   Section        0  usbd_ioreq.o(i.USBD_CtlContinueRx)
    i.USBD_CtlContinueSendData               0x0800548c   Section        0  usbd_ioreq.o(i.USBD_CtlContinueSendData)
    i.USBD_CtlError                          0x0800549c   Section        0  usbd_ctlreq.o(i.USBD_CtlError)
    i.USBD_CtlPrepareRx                      0x080054b0   Section        0  usbd_ioreq.o(i.USBD_CtlPrepareRx)
    i.USBD_CtlReceiveStatus                  0x080054d0   Section        0  usbd_ioreq.o(i.USBD_CtlReceiveStatus)
    i.USBD_CtlSendData                       0x080054e8   Section        0  usbd_ioreq.o(i.USBD_CtlSendData)
    i.USBD_CtlSendStatus                     0x08005504   Section        0  usbd_ioreq.o(i.USBD_CtlSendStatus)
    i.USBD_FS_ConfigStrDescriptor            0x0800551c   Section        0  usbd_desc.o(i.USBD_FS_ConfigStrDescriptor)
    i.USBD_FS_DeviceDescriptor               0x0800553c   Section        0  usbd_desc.o(i.USBD_FS_DeviceDescriptor)
    i.USBD_FS_InterfaceStrDescriptor         0x08005548   Section        0  usbd_desc.o(i.USBD_FS_InterfaceStrDescriptor)
    i.USBD_FS_LangIDStrDescriptor            0x0800556c   Section        0  usbd_desc.o(i.USBD_FS_LangIDStrDescriptor)
    i.USBD_FS_ManufacturerStrDescriptor      0x08005578   Section        0  usbd_desc.o(i.USBD_FS_ManufacturerStrDescriptor)
    i.USBD_FS_ProductStrDescriptor           0x080055a0   Section        0  usbd_desc.o(i.USBD_FS_ProductStrDescriptor)
    i.USBD_FS_SerialStrDescriptor            0x080055cc   Section        0  usbd_desc.o(i.USBD_FS_SerialStrDescriptor)
    i.USBD_GetDescriptor                     0x080055f0   Section        0  usbd_ctlreq.o(i.USBD_GetDescriptor)
    USBD_GetDescriptor                       0x080055f1   Thumb Code   224  usbd_ctlreq.o(i.USBD_GetDescriptor)
    i.USBD_GetString                         0x080056d0   Section        0  usbd_ctlreq.o(i.USBD_GetString)
    i.USBD_Init                              0x08005714   Section        0  usbd_core.o(i.USBD_Init)
    i.USBD_LL_ClearStallEP                   0x08005746   Section        0  usbd_conf.o(i.USBD_LL_ClearStallEP)
    i.USBD_LL_CloseEP                        0x08005758   Section        0  usbd_conf.o(i.USBD_LL_CloseEP)
    i.USBD_LL_DataInStage                    0x0800576a   Section        0  usbd_core.o(i.USBD_LL_DataInStage)
    i.USBD_LL_DataOutStage                   0x08005820   Section        0  usbd_core.o(i.USBD_LL_DataOutStage)
    i.USBD_LL_GetRxDataSize                  0x08005894   Section        0  usbd_conf.o(i.USBD_LL_GetRxDataSize)
    i.USBD_LL_Init                           0x080058a4   Section        0  usbd_conf.o(i.USBD_LL_Init)
    i.USBD_LL_IsStallEP                      0x0800592c   Section        0  usbd_conf.o(i.USBD_LL_IsStallEP)
    i.USBD_LL_OpenEP                         0x08005950   Section        0  usbd_conf.o(i.USBD_LL_OpenEP)
    i.USBD_LL_PrepareReceive                 0x08005968   Section        0  usbd_conf.o(i.USBD_LL_PrepareReceive)
    i.USBD_LL_Reset                          0x0800597a   Section        0  usbd_core.o(i.USBD_LL_Reset)
    i.USBD_LL_Resume                         0x080059c0   Section        0  usbd_core.o(i.USBD_LL_Resume)
    i.USBD_LL_SOF                            0x080059cc   Section        0  usbd_core.o(i.USBD_LL_SOF)
    i.USBD_LL_SetSpeed                       0x080059ea   Section        0  usbd_core.o(i.USBD_LL_SetSpeed)
    i.USBD_LL_SetUSBAddress                  0x080059f0   Section        0  usbd_conf.o(i.USBD_LL_SetUSBAddress)
    i.USBD_LL_SetupStage                     0x08005a02   Section        0  usbd_core.o(i.USBD_LL_SetupStage)
    i.USBD_LL_StallEP                        0x08005a60   Section        0  usbd_conf.o(i.USBD_LL_StallEP)
    i.USBD_LL_Start                          0x08005a72   Section        0  usbd_conf.o(i.USBD_LL_Start)
    i.USBD_LL_Suspend                        0x08005a84   Section        0  usbd_core.o(i.USBD_LL_Suspend)
    i.USBD_LL_Transmit                       0x08005a94   Section        0  usbd_conf.o(i.USBD_LL_Transmit)
    i.USBD_ParseSetupRequest                 0x08005aa6   Section        0  usbd_ctlreq.o(i.USBD_ParseSetupRequest)
    i.USBD_RegisterClass                     0x08005ace   Section        0  usbd_core.o(i.USBD_RegisterClass)
    i.USBD_SetClassConfig                    0x08005ae4   Section        0  usbd_core.o(i.USBD_SetClassConfig)
    i.USBD_SetConfig                         0x08005b00   Section        0  usbd_ctlreq.o(i.USBD_SetConfig)
    USBD_SetConfig                           0x08005b01   Thumb Code   108  usbd_ctlreq.o(i.USBD_SetConfig)
    i.USBD_Start                             0x08005b70   Section        0  usbd_core.o(i.USBD_Start)
    i.USBD_StdDevReq                         0x08005b7a   Section        0  usbd_ctlreq.o(i.USBD_StdDevReq)
    i.USBD_StdEPReq                          0x08005c68   Section        0  usbd_ctlreq.o(i.USBD_StdEPReq)
    i.USBD_StdItfReq                         0x08005d52   Section        0  usbd_ctlreq.o(i.USBD_StdItfReq)
    i.USBD_static_free                       0x08005d8c   Section        0  usbd_conf.o(i.USBD_static_free)
    i.USBD_static_malloc                     0x08005d90   Section        0  usbd_conf.o(i.USBD_static_malloc)
    i.USB_IRQHandler                         0x08005d98   Section        0  stm32f0xx_it.o(i.USB_IRQHandler)
    i.__ARM_common_switch8                   0x08005da8   Section        0  usbd_ctlreq.o(i.__ARM_common_switch8)
    i.__ARM_fpclassifyf                      0x08005dc2   Section        0  fpclassifyf.o(i.__ARM_fpclassifyf)
    i.__mathlib_flt_infnan                   0x08005de4   Section        0  funder.o(i.__mathlib_flt_infnan)
    i.__mathlib_flt_infnan2                  0x08005dee   Section        0  funder.o(i.__mathlib_flt_infnan2)
    i.__mathlib_flt_invalid                  0x08005df6   Section        0  funder.o(i.__mathlib_flt_invalid)
    i.__mathlib_flt_underflow                0x08005e02   Section        0  funder.o(i.__mathlib_flt_underflow)
    i.__scatterload_copy                     0x08005e10   Section       14  handlers.o(i.__scatterload_copy)
    i.__scatterload_null                     0x08005e1e   Section        2  handlers.o(i.__scatterload_null)
    i.__scatterload_zeroinit                 0x08005e20   Section       14  handlers.o(i.__scatterload_zeroinit)
    i.__set_errno                            0x08005e30   Section        0  errno.o(i.__set_errno)
    i.abs_user                               0x08005e3c   Section        0  main.o(i.abs_user)
    i.acosf                                  0x08005e4c   Section        0  acosf.o(i.acosf)
    i.atan2f                                 0x08005f58   Section        0  atan2f.o(i.atan2f)
    i.calibation_fn                          0x080061b4   Section        0  main.o(i.calibation_fn)
    i.constrain                              0x080062b0   Section        0  main.o(i.constrain)
    i.flip_PD_controller                     0x080062d0   Section        0  main.o(i.flip_PD_controller)
    i.getPIDgain                             0x08006468   Section        0  main.o(i.getPIDgain)
    i.getRCcommand                           0x080065d8   Section        0  main.o(i.getRCcommand)
    i.imuComputeRotationMatrix               0x08006648   Section        0  main.o(i.imuComputeRotationMatrix)
    i.init_mode_pin                          0x0800675c   Section        0  main.o(i.init_mode_pin)
    i.invSqrt                                0x0800677c   Section        0  main.o(i.invSqrt)
    i.main                                   0x08006790   Section        0  main.o(i.main)
    i.sq                                     0x0800693c   Section        0  main.o(i.sq)
    i.sqrtf                                  0x08006946   Section        0  sqrtf.o(i.sqrtf)
    i.stabilize_fn                           0x08006974   Section        0  main.o(i.stabilize_fn)
    .constdata                               0x080069cc   Section       16  system_stm32f0xx.o(.constdata)
    .constdata                               0x080069dc   Section        8  system_stm32f0xx.o(.constdata)
    .data                                    0x20000000   Section       28  usbd_desc.o(.data)
    .data                                    0x2000001c   Section       22  usbd_desc.o(.data)
    .data                                    0x20000034   Section       12  usbd_cdc_if.o(.data)
    .data                                    0x20000040   Section       16  usbd_cdc_if.o(.data)
    .data                                    0x20000050   Section      268  main.o(.data)
    ld_blink                                 0x20000057   Data           1  main.o(.data)
    count                                    0x20000058   Data           1  main.o(.data)
    command_code                             0x20000059   Data           1  main.o(.data)
    flip_Jump_time                           0x2000007a   Data           2  main.o(.data)
    flip_Jump_time_start                     0x2000007c   Data           2  main.o(.data)
    flip_Jump_gain                           0x20000084   Data           4  main.o(.data)
    cal_pitch                                0x20000140   Data           4  main.o(.data)
    cal_roll                                 0x20000144   Data           4  main.o(.data)
    cal_pitch                                0x20000148   Data           4  main.o(.data)
    cal_roll                                 0x2000014c   Data           4  main.o(.data)
    angle_target                             0x20000150   Data           4  main.o(.data)
    flip_pitch                               0x20000154   Data           4  main.o(.data)
    flip_roll                                0x20000158   Data           4  main.o(.data)
    .data                                    0x2000015c   Section        4  system_stm32f0xx.o(.data)
    .data                                    0x20000160   Section        1  usbd_ctlreq.o(.data)
    cfgidx                                   0x20000160   Data           1  usbd_ctlreq.o(.data)
    .data                                    0x20000164   Section      219  usbd_cdc.o(.data)
    ifalt                                    0x20000164   Data           1  usbd_cdc.o(.data)
    USBD_CDC_DeviceQualifierDesc             0x20000168   Data          10  usbd_cdc.o(.data)
    .data                                    0x20000240   Section       56  usbd_cdc.o(.data)
    .data                                    0x20000278   Section        4  stm32f0xx_hal.o(.data)
    .data                                    0x2000027c   Section        4  errno.o(.data)
    _errno                                   0x2000027c   Data           4  errno.o(.data)
    .bss                                     0x20000280   Section     1088  usbd_conf.o(.bss)
    mem                                      0x20000280   Data         544  usbd_conf.o(.bss)
    .bss                                     0x200006c0   Section      512  usbd_desc.o(.bss)
    .bss                                     0x200008c0   Section      548  usb_device.o(.bss)
    .bss                                     0x20000ae4   Section     1280  usbd_cdc_if.o(.bss)
    .bss                                     0x20000fe4   Section      648  main.o(.bss)
    .bss                                     0x2000126c   Section      112  main.o(.bss)
    .bss                                     0x200012dc   Section       60  main.o(.bss)
    STACK                                    0x20001318   Section     1024  startup_stm32f042x6.o(STACK)

    Global Symbols

    Symbol Name                              Value     Ov Type        Size  Object(Section)

    BuildAttributes$$THM_ISAv3M$S$PE$A:L22$X:L11$S22$IEEE1$IW$USESV6$~STKCKD$USESV7$~SHL$OTIME$ROPI$IEEEX$EBA8$MICROLIB$REQ8$PRES8$EABIv2 0x00000000   Number         0  anon$$obj.o ABSOLUTE
    __ARM_use_no_argv                        0x00000000   Number         0  main.o ABSOLUTE
    __cpp_initialize__aeabi_                  - Undefined Weak Reference
    __cxa_finalize                            - Undefined Weak Reference
    _clock_init                               - Undefined Weak Reference
    _microlib_exit                            - Undefined Weak Reference
    __Vectors_Size                           0x000000c0   Number         0  startup_stm32f042x6.o ABSOLUTE
    __Vectors                                0x08000000   Data           4  startup_stm32f042x6.o(RESET)
    __Vectors_End                            0x080000c0   Data           0  startup_stm32f042x6.o(RESET)
    __main                                   0x080000c1   Thumb Code     0  entry.o(.ARM.Collect$$$$00000000)
    _main_stk                                0x080000c1   Thumb Code     0  entry2.o(.ARM.Collect$$$$00000001)
    _main_scatterload                        0x080000c5   Thumb Code     0  entry5.o(.ARM.Collect$$$$00000004)
    __main_after_scatterload                 0x080000c9   Thumb Code     0  entry5.o(.ARM.Collect$$$$00000004)
    _main_clock                              0x080000c9   Thumb Code     0  entry7b.o(.ARM.Collect$$$$00000008)
    _main_cpp_init                           0x080000c9   Thumb Code     0  entry8b.o(.ARM.Collect$$$$0000000A)
    _main_init                               0x080000c9   Thumb Code     0  entry9a.o(.ARM.Collect$$$$0000000B)
    __rt_final_cpp                           0x080000d1   Thumb Code     0  entry10a.o(.ARM.Collect$$$$0000000D)
    __rt_final_exit                          0x080000d1   Thumb Code     0  entry11a.o(.ARM.Collect$$$$0000000F)
    Reset_Handler                            0x080000d5   Thumb Code    38  startup_stm32f042x6.o(.text)
    SVC_Handler                              0x080000ff   Thumb Code     2  startup_stm32f042x6.o(.text)
    PendSV_Handler                           0x08000101   Thumb Code     2  startup_stm32f042x6.o(.text)
    ADC1_IRQHandler                          0x08000105   Thumb Code     0  startup_stm32f042x6.o(.text)
    CEC_CAN_IRQHandler                       0x08000105   Thumb Code     0  startup_stm32f042x6.o(.text)
    DMA1_Channel1_IRQHandler                 0x08000105   Thumb Code     0  startup_stm32f042x6.o(.text)
    DMA1_Channel4_5_IRQHandler               0x08000105   Thumb Code     0  startup_stm32f042x6.o(.text)
    EXTI2_3_IRQHandler                       0x08000105   Thumb Code     0  startup_stm32f042x6.o(.text)
    EXTI4_15_IRQHandler                      0x08000105   Thumb Code     0  startup_stm32f042x6.o(.text)
    FLASH_IRQHandler                         0x08000105   Thumb Code     0  startup_stm32f042x6.o(.text)
    I2C1_IRQHandler                          0x08000105   Thumb Code     0  startup_stm32f042x6.o(.text)
    PVD_VDDIO2_IRQHandler                    0x08000105   Thumb Code     0  startup_stm32f042x6.o(.text)
    RCC_CRS_IRQHandler                       0x08000105   Thumb Code     0  startup_stm32f042x6.o(.text)
    RTC_IRQHandler                           0x08000105   Thumb Code     0  startup_stm32f042x6.o(.text)
    SPI2_IRQHandler                          0x08000105   Thumb Code     0  startup_stm32f042x6.o(.text)
    TIM14_IRQHandler                         0x08000105   Thumb Code     0  startup_stm32f042x6.o(.text)
    TIM16_IRQHandler                         0x08000105   Thumb Code     0  startup_stm32f042x6.o(.text)
    TIM1_BRK_UP_TRG_COM_IRQHandler           0x08000105   Thumb Code     0  startup_stm32f042x6.o(.text)
    TIM1_CC_IRQHandler                       0x08000105   Thumb Code     0  startup_stm32f042x6.o(.text)
    TIM2_IRQHandler                          0x08000105   Thumb Code     0  startup_stm32f042x6.o(.text)
    TIM3_IRQHandler                          0x08000105   Thumb Code     0  startup_stm32f042x6.o(.text)
    TSC_IRQHandler                           0x08000105   Thumb Code     0  startup_stm32f042x6.o(.text)
    USART2_IRQHandler                        0x08000105   Thumb Code     0  startup_stm32f042x6.o(.text)
    WWDG_IRQHandler                          0x08000105   Thumb Code     0  startup_stm32f042x6.o(.text)
    __aeabi_uidiv                            0x0800012d   Thumb Code     0  uidiv.o(.text)
    __aeabi_uidivmod                         0x0800012d   Thumb Code    44  uidiv.o(.text)
    __aeabi_uread4                           0x08000159   Thumb Code    20  uread4.o(.text)
    __rt_uread4                              0x08000159   Thumb Code     0  uread4.o(.text)
    _uread4                                  0x08000159   Thumb Code     0  uread4.o(.text)
    __aeabi_fadd                             0x0800016d   Thumb Code   162  fadd.o(.text)
    __aeabi_fsub                             0x0800020f   Thumb Code     8  fadd.o(.text)
    __aeabi_frsub                            0x08000217   Thumb Code     8  fadd.o(.text)
    __aeabi_fmul                             0x0800021f   Thumb Code   122  fmul.o(.text)
    __aeabi_fdiv                             0x08000299   Thumb Code   124  fdiv.o(.text)
    __ARM_scalbnf                            0x08000315   Thumb Code    24  fscalb.o(.text)
    scalbnf                                  0x08000315   Thumb Code     0  fscalb.o(.text)
    __aeabi_i2f                              0x0800032d   Thumb Code    22  fflti.o(.text)
    __aeabi_f2iz                             0x08000343   Thumb Code    50  ffixi.o(.text)
    __aeabi_f2uiz                            0x08000375   Thumb Code    40  ffixui.o(.text)
    __aeabi_cfcmpeq                          0x0800039d   Thumb Code     0  cfcmple.o(.text)
    __aeabi_cfcmple                          0x0800039d   Thumb Code    20  cfcmple.o(.text)
    __aeabi_cfrcmple                         0x080003b1   Thumb Code    20  cfrcmple.o(.text)
    __I$use$fp                               0x080003c5   Thumb Code     0  iusefp.o(.text)
    _float_round                             0x080003c5   Thumb Code    16  fepilogue.o(.text)
    _float_epilogue                          0x080003d5   Thumb Code   114  fepilogue.o(.text)
    _fsqrt                                   0x08000447   Thumb Code    88  fsqrt.o(.text)
    __scatterload                            0x080004a1   Thumb Code    28  init.o(.text)
    __scatterload_rt2                        0x080004a1   Thumb Code     0  init.o(.text)
    __decompress                             0x080004c5   Thumb Code     0  __dczerorl2.o(.text)
    __decompress1                            0x080004c5   Thumb Code    86  __dczerorl2.o(.text)
    AHRS                                     0x0800051d   Thumb Code   762  main.o(i.AHRS)
    Butterworth_filter                       0x0800083d   Thumb Code    88  main.o(i.Butterworth_filter)
    CDC_Transmit_FS                          0x080009b1   Thumb Code    40  usbd_cdc_if.o(i.CDC_Transmit_FS)
    DMA1_Channel2_3_IRQHandler               0x08000a89   Thumb Code    10  stm32f0xx_it.o(i.DMA1_Channel2_3_IRQHandler)
    Drive_motor_output                       0x08000ab9   Thumb Code   102  main.o(i.Drive_motor_output)
    EXTI0_1_IRQHandler                       0x08000b2d   Thumb Code    10  stm32f0xx_it.o(i.EXTI0_1_IRQHandler)
    Error_Handler                            0x08000b37   Thumb Code     2  main.o(i.Error_Handler)
    Function1_call                           0x08000b39   Thumb Code    24  main.o(i.Function1_call)
    Function2_call                           0x08000b55   Thumb Code   180  main.o(i.Function2_call)
    HAL_DMA_DeInit                           0x08000c21   Thumb Code   200  stm32f0xx_hal_dma.o(i.HAL_DMA_DeInit)
    HAL_DMA_IRQHandler                       0x08000ced   Thumb Code   470  stm32f0xx_hal_dma.o(i.HAL_DMA_IRQHandler)
    HAL_DMA_Init                             0x08000ec9   Thumb Code    78  stm32f0xx_hal_dma.o(i.HAL_DMA_Init)
    HAL_DMA_Start_IT                         0x08000f1d   Thumb Code    78  stm32f0xx_hal_dma.o(i.HAL_DMA_Start_IT)
    HAL_Delay                                0x08000f6b   Thumb Code    22  stm32f0xx_hal.o(i.HAL_Delay)
    HAL_GPIO_DeInit                          0x08000f81   Thumb Code   182  stm32f0xx_hal_gpio.o(i.HAL_GPIO_DeInit)
    HAL_GPIO_EXTI_Callback                   0x08001049   Thumb Code    10  main.o(i.HAL_GPIO_EXTI_Callback)
    HAL_GPIO_EXTI_IRQHandler                 0x08001059   Thumb Code    18  stm32f0xx_hal_gpio.o(i.HAL_GPIO_EXTI_IRQHandler)
    HAL_GPIO_Init                            0x08001071   Thumb Code   294  stm32f0xx_hal_gpio.o(i.HAL_GPIO_Init)
    HAL_GPIO_ReadPin                         0x080011ad   Thumb Code    10  stm32f0xx_hal_gpio.o(i.HAL_GPIO_ReadPin)
    HAL_GPIO_TogglePin                       0x080011b7   Thumb Code     8  stm32f0xx_hal_gpio.o(i.HAL_GPIO_TogglePin)
    HAL_GPIO_WritePin                        0x080011bf   Thumb Code    12  stm32f0xx_hal_gpio.o(i.HAL_GPIO_WritePin)
    HAL_GetTick                              0x080011cd   Thumb Code     6  stm32f0xx_hal.o(i.HAL_GetTick)
    HAL_I2CEx_ConfigAnalogFilter             0x080011d9   Thumb Code    74  stm32f0xx_hal_i2c_ex.o(i.HAL_I2CEx_ConfigAnalogFilter)
    HAL_I2C_Init                             0x08001225   Thumb Code   164  stm32f0xx_hal_i2c.o(i.HAL_I2C_Init)
    HAL_I2C_Mem_Read                         0x080012cd   Thumb Code   340  stm32f0xx_hal_i2c.o(i.HAL_I2C_Mem_Read)
    HAL_I2C_Mem_Write                        0x08001425   Thumb Code   334  stm32f0xx_hal_i2c.o(i.HAL_I2C_Mem_Write)
    HAL_I2C_MspInit                          0x08001579   Thumb Code    58  stm32f0xx_hal_msp.o(i.HAL_I2C_MspInit)
    HAL_IncTick                              0x080015c1   Thumb Code    10  stm32f0xx_hal.o(i.HAL_IncTick)
    HAL_Init                                 0x080015d1   Thumb Code    26  stm32f0xx_hal.o(i.HAL_Init)
    HAL_InitTick                             0x080015f1   Thumb Code    34  stm32f0xx_hal.o(i.HAL_InitTick)
    HAL_MspInit                              0x08001615   Thumb Code    50  stm32f0xx_hal_msp.o(i.HAL_MspInit)
    HAL_NVIC_DisableIRQ                      0x0800164d   Thumb Code    14  stm32f0xx_hal_cortex.o(i.HAL_NVIC_DisableIRQ)
    HAL_NVIC_EnableIRQ                       0x08001661   Thumb Code    14  stm32f0xx_hal_cortex.o(i.HAL_NVIC_EnableIRQ)
    HAL_NVIC_SetPriority                     0x08001675   Thumb Code     8  stm32f0xx_hal_cortex.o(i.HAL_NVIC_SetPriority)
    HAL_PCDEx_PMAConfig                      0x0800167d   Thumb Code    58  stm32f0xx_hal_pcd_ex.o(i.HAL_PCDEx_PMAConfig)
    HAL_PCD_DataInStageCallback              0x080016b7   Thumb Code    24  usbd_conf.o(i.HAL_PCD_DataInStageCallback)
    HAL_PCD_DataOutStageCallback             0x080016cf   Thumb Code    28  usbd_conf.o(i.HAL_PCD_DataOutStageCallback)
    HAL_PCD_EP_Close                         0x080016ed   Thumb Code   346  stm32f0xx_hal_pcd.o(i.HAL_PCD_EP_Close)
    HAL_PCD_EP_ClrStall                      0x08001855   Thumb Code   166  stm32f0xx_hal_pcd.o(i.HAL_PCD_EP_ClrStall)
    HAL_PCD_EP_GetRxCount                    0x08001909   Thumb Code    20  stm32f0xx_hal_pcd.o(i.HAL_PCD_EP_GetRxCount)
    HAL_PCD_EP_Open                          0x0800191d   Thumb Code   652  stm32f0xx_hal_pcd.o(i.HAL_PCD_EP_Open)
    HAL_PCD_EP_Receive                       0x08001bc1   Thumb Code   300  stm32f0xx_hal_pcd.o(i.HAL_PCD_EP_Receive)
    HAL_PCD_EP_SetStall                      0x08001cf9   Thumb Code   136  stm32f0xx_hal_pcd.o(i.HAL_PCD_EP_SetStall)
    HAL_PCD_EP_Transmit                      0x08001d8d   Thumb Code   380  stm32f0xx_hal_pcd.o(i.HAL_PCD_EP_Transmit)
    HAL_PCD_IRQHandler                       0x08001f19   Thumb Code   238  stm32f0xx_hal_pcd.o(i.HAL_PCD_IRQHandler)
    HAL_PCD_Init                             0x08002025   Thumb Code   154  stm32f0xx_hal_pcd.o(i.HAL_PCD_Init)
    HAL_PCD_MspInit                          0x080020c1   Thumb Code    30  usbd_conf.o(i.HAL_PCD_MspInit)
    HAL_PCD_ResetCallback                    0x080020e9   Thumb Code    24  usbd_conf.o(i.HAL_PCD_ResetCallback)
    HAL_PCD_ResumeCallback                   0x08002101   Thumb Code    38  usbd_conf.o(i.HAL_PCD_ResumeCallback)
    HAL_PCD_SOFCallback                      0x0800212d   Thumb Code    16  usbd_conf.o(i.HAL_PCD_SOFCallback)
    HAL_PCD_SetAddress                       0x0800213d   Thumb Code    44  stm32f0xx_hal_pcd.o(i.HAL_PCD_SetAddress)
    HAL_PCD_SetupStageCallback               0x08002169   Thumb Code    22  usbd_conf.o(i.HAL_PCD_SetupStageCallback)
    HAL_PCD_Start                            0x0800217f   Thumb Code    18  stm32f0xx_hal_pcd.o(i.HAL_PCD_Start)
    HAL_PCD_SuspendCallback                  0x08002191   Thumb Code    34  usbd_conf.o(i.HAL_PCD_SuspendCallback)
    HAL_RCCEx_PeriphCLKConfig                0x080021b9   Thumb Code   254  stm32f0xx_hal_rcc_ex.o(i.HAL_RCCEx_PeriphCLKConfig)
    HAL_RCC_ClockConfig                      0x080022c5   Thumb Code   320  stm32f0xx_hal_rcc.o(i.HAL_RCC_ClockConfig)
    HAL_RCC_GetHCLKFreq                      0x08002419   Thumb Code     6  stm32f0xx_hal_rcc.o(i.HAL_RCC_GetHCLKFreq)
    HAL_RCC_GetPCLK1Freq                     0x08002425   Thumb Code    20  stm32f0xx_hal_rcc.o(i.HAL_RCC_GetPCLK1Freq)
    HAL_RCC_GetSysClockFreq                  0x08002445   Thumb Code    90  stm32f0xx_hal_rcc.o(i.HAL_RCC_GetSysClockFreq)
    HAL_RCC_OscConfig                        0x080024cd   Thumb Code   966  stm32f0xx_hal_rcc.o(i.HAL_RCC_OscConfig)
    HAL_SPI_ErrorCallback                    0x080028a5   Thumb Code    20  main.o(i.HAL_SPI_ErrorCallback)
    HAL_SPI_IRQHandler                       0x080028c1   Thumb Code   138  stm32f0xx_hal_spi.o(i.HAL_SPI_IRQHandler)
    HAL_SPI_Init                             0x0800294d   Thumb Code   204  stm32f0xx_hal_spi.o(i.HAL_SPI_Init)
    HAL_SPI_MspInit                          0x08002a1d   Thumb Code    84  stm32f0xx_hal_msp.o(i.HAL_SPI_MspInit)
    HAL_SPI_Receive_IT                       0x08002a79   Thumb Code   240  stm32f0xx_hal_spi.o(i.HAL_SPI_Receive_IT)
    HAL_SPI_RxCpltCallback                   0x08002b75   Thumb Code   268  main.o(i.HAL_SPI_RxCpltCallback)
    HAL_SPI_TransmitReceive_IT               0x08002c91   Thumb Code   256  stm32f0xx_hal_spi.o(i.HAL_SPI_TransmitReceive_IT)
    HAL_SPI_TxRxCpltCallback                 0x08002da5   Thumb Code     2  stm32f0xx_hal_spi.o(i.HAL_SPI_TxRxCpltCallback)
    HAL_SYSTICK_CLKSourceConfig              0x08002da9   Thumb Code    20  stm32f0xx_hal_cortex.o(i.HAL_SYSTICK_CLKSourceConfig)
    HAL_SYSTICK_Callback                     0x08002dc1   Thumb Code     2  stm32f0xx_hal_cortex.o(i.HAL_SYSTICK_Callback)
    HAL_SYSTICK_Config                       0x08002dc5   Thumb Code    38  stm32f0xx_hal_cortex.o(i.HAL_SYSTICK_Config)
    HAL_SYSTICK_IRQHandler                   0x08002df5   Thumb Code     8  stm32f0xx_hal_cortex.o(i.HAL_SYSTICK_IRQHandler)
    HAL_TIMEx_BreakCallback                  0x08002dfd   Thumb Code     2  stm32f0xx_hal_tim_ex.o(i.HAL_TIMEx_BreakCallback)
    HAL_TIMEx_CommutationCallback            0x08002dff   Thumb Code     2  stm32f0xx_hal_tim_ex.o(i.HAL_TIMEx_CommutationCallback)
    HAL_TIMEx_MasterConfigSynchronization    0x08002e01   Thumb Code    72  stm32f0xx_hal_tim_ex.o(i.HAL_TIMEx_MasterConfigSynchronization)
    HAL_TIM_Base_Init                        0x08002e49   Thumb Code    52  stm32f0xx_hal_tim.o(i.HAL_TIM_Base_Init)
    HAL_TIM_Base_MspInit                     0x08002e7d   Thumb Code    88  stm32f0xx_hal_msp.o(i.HAL_TIM_Base_MspInit)
    HAL_TIM_Base_Start_IT                    0x08002ee5   Thumb Code    22  stm32f0xx_hal_tim.o(i.HAL_TIM_Base_Start_IT)
    HAL_TIM_IC_CaptureCallback               0x08002efb   Thumb Code     2  stm32f0xx_hal_tim.o(i.HAL_TIM_IC_CaptureCallback)
    HAL_TIM_IRQHandler                       0x08002efd   Thumb Code   354  stm32f0xx_hal_tim.o(i.HAL_TIM_IRQHandler)
    HAL_TIM_MspPostInit                      0x08003061   Thumb Code    88  stm32f0xx_hal_msp.o(i.HAL_TIM_MspPostInit)
    HAL_TIM_OC_DelayElapsedCallback          0x080030c1   Thumb Code     2  stm32f0xx_hal_tim.o(i.HAL_TIM_OC_DelayElapsedCallback)
    HAL_TIM_PWM_ConfigChannel                0x080030c3   Thumb Code   208  stm32f0xx_hal_tim.o(i.HAL_TIM_PWM_ConfigChannel)
    HAL_TIM_PWM_Init                         0x08003193   Thumb Code    52  stm32f0xx_hal_tim.o(i.HAL_TIM_PWM_Init)
    HAL_TIM_PWM_MspInit                      0x080031c9   Thumb Code    50  stm32f0xx_hal_msp.o(i.HAL_TIM_PWM_MspInit)
    HAL_TIM_PWM_PulseFinishedCallback        0x08003205   Thumb Code     2  stm32f0xx_hal_tim.o(i.HAL_TIM_PWM_PulseFinishedCallback)
    HAL_TIM_PWM_Start                        0x08003209   Thumb Code    56  stm32f0xx_hal_tim.o(i.HAL_TIM_PWM_Start)
    HAL_TIM_PeriodElapsedCallback            0x0800324d   Thumb Code    14  main.o(i.HAL_TIM_PeriodElapsedCallback)
    HAL_TIM_TriggerCallback                  0x08003261   Thumb Code     2  stm32f0xx_hal_tim.o(i.HAL_TIM_TriggerCallback)
    HAL_UARTEx_WakeupCallback                0x08003263   Thumb Code     2  stm32f0xx_hal_uart_ex.o(i.HAL_UARTEx_WakeupCallback)
    HAL_UART_DeInit                          0x08003265   Thumb Code    62  stm32f0xx_hal_uart.o(i.HAL_UART_DeInit)
    HAL_UART_ErrorCallback                   0x080032a3   Thumb Code     2  stm32f0xx_hal_uart.o(i.HAL_UART_ErrorCallback)
    HAL_UART_IRQHandler                      0x080032a5   Thumb Code   216  stm32f0xx_hal_uart.o(i.HAL_UART_IRQHandler)
    HAL_UART_Init                            0x0800337d   Thumb Code   108  stm32f0xx_hal_uart.o(i.HAL_UART_Init)
    HAL_UART_MspDeInit                       0x080033e9   Thumb Code    50  stm32f0xx_hal_msp.o(i.HAL_UART_MspDeInit)
    HAL_UART_MspInit                         0x08003425   Thumb Code   110  stm32f0xx_hal_msp.o(i.HAL_UART_MspInit)
    HAL_UART_Receive_IT                      0x080034a5   Thumb Code   164  stm32f0xx_hal_uart.o(i.HAL_UART_Receive_IT)
    HAL_UART_RxCpltCallback                  0x0800354d   Thumb Code    50  usbd_cdc_if.o(i.HAL_UART_RxCpltCallback)
    HAL_UART_Transmit_DMA                    0x0800358d   Thumb Code   132  stm32f0xx_hal_uart.o(i.HAL_UART_Transmit_DMA)
    HAL_UART_TxCpltCallback                  0x0800361d   Thumb Code    10  usbd_cdc_if.o(i.HAL_UART_TxCpltCallback)
    HAL_UART_TxHalfCpltCallback              0x0800362d   Thumb Code     2  stm32f0xx_hal_uart.o(i.HAL_UART_TxHalfCpltCallback)
    HardFault_Handler                        0x0800362f   Thumb Code     2  stm32f0xx_it.o(i.HardFault_Handler)
    Initial_MPU6050                          0x080038a9   Thumb Code   172  main.o(i.Initial_MPU6050)
    MPU6050_WriteBit                         0x08003955   Thumb Code    76  main.o(i.MPU6050_WriteBit)
    MPU6050_WriteBits                        0x080039a5   Thumb Code    80  main.o(i.MPU6050_WriteBits)
    MX_USB_DEVICE_Init                       0x08003c69   Thumb Code    36  usb_device.o(i.MX_USB_DEVICE_Init)
    NMI_Handler                              0x08003c9d   Thumb Code     2  stm32f0xx_it.o(i.NMI_Handler)
    PCD_ReadPMA                              0x0800401d   Thumb Code    30  stm32f0xx_hal_pcd.o(i.PCD_ReadPMA)
    PCD_WritePMA                             0x0800403b   Thumb Code    38  stm32f0xx_hal_pcd.o(i.PCD_WritePMA)
    PID_controller                           0x08004061   Thumb Code   582  main.o(i.PID_controller)
    Read_MPU6050                             0x080042e9   Thumb Code   312  main.o(i.Read_MPU6050)
    SPI1_IRQHandler                          0x08004439   Thumb Code    10  stm32f0xx_it.o(i.SPI1_IRQHandler)
    Sampling_task                            0x08004979   Thumb Code    46  main.o(i.Sampling_task)
    Smooth_filter                            0x080049ad   Thumb Code    30  main.o(i.Smooth_filter)
    SysTick_Handler                          0x080049cb   Thumb Code    12  stm32f0xx_it.o(i.SysTick_Handler)
    SystemClock_Config                       0x080049d9   Thumb Code   118  main.o(i.SystemClock_Config)
    SystemInit                               0x08004a55   Thumb Code    78  system_stm32f0xx.o(i.SystemInit)
    TIM17_IRQHandler                         0x08004ab1   Thumb Code    10  stm32f0xx_it.o(i.TIM17_IRQHandler)
    TIM_Base_SetConfig                       0x08004ac1   Thumb Code   104  stm32f0xx_hal_tim.o(i.TIM_Base_SetConfig)
    TIM_CCxChannelCmd                        0x08004b3d   Thumb Code    22  stm32f0xx_hal_tim.o(i.TIM_CCxChannelCmd)
    TIM_OC2_SetConfig                        0x08004bcd   Thumb Code   104  stm32f0xx_hal_tim.o(i.TIM_OC2_SetConfig)
    Tim17_loop                               0x08004d19   Thumb Code    58  usbd_cdc_if.o(i.Tim17_loop)
    UART_AdvFeatureConfig                    0x08004d5d   Thumb Code   202  stm32f0xx_hal_uart.o(i.UART_AdvFeatureConfig)
    UART_CheckIdleState                      0x08004e29   Thumb Code    86  stm32f0xx_hal_uart.o(i.UART_CheckIdleState)
    UART_EndTransmit_IT                      0x08004ee7   Thumb Code    26  stm32f0xx_hal_uart.o(i.UART_EndTransmit_IT)
    UART_Receive_IT                          0x08004f01   Thumb Code   130  stm32f0xx_hal_uart.o(i.UART_Receive_IT)
    UART_SetConfig                           0x08004f85   Thumb Code   280  stm32f0xx_hal_uart.o(i.UART_SetConfig)
    UART_Transmit_IT                         0x080050b5   Thumb Code   102  stm32f0xx_hal_uart.o(i.UART_Transmit_IT)
    UART_WaitOnFlagUntilTimeout              0x0800511b   Thumb Code   178  stm32f0xx_hal_uart.o(i.UART_WaitOnFlagUntilTimeout)
    USART1_IRQHandler                        0x080051cd   Thumb Code    10  stm32f0xx_it.o(i.USART1_IRQHandler)
    USBD_CDC_GetDeviceQualifierDescriptor    0x08005295   Thumb Code     8  usbd_cdc.o(i.USBD_CDC_GetDeviceQualifierDescriptor)
    USBD_CDC_ReceivePacket                   0x0800534f   Thumb Code    56  usbd_cdc.o(i.USBD_CDC_ReceivePacket)
    USBD_CDC_RegisterInterface               0x08005387   Thumb Code    20  usbd_cdc.o(i.USBD_CDC_RegisterInterface)
    USBD_CDC_SetRxBuffer                     0x0800539b   Thumb Code    20  usbd_cdc.o(i.USBD_CDC_SetRxBuffer)
    USBD_CDC_SetTxBuffer                     0x080053af   Thumb Code    22  usbd_cdc.o(i.USBD_CDC_SetTxBuffer)
    USBD_CDC_TransmitPacket                  0x08005439   Thumb Code    52  usbd_cdc.o(i.USBD_CDC_TransmitPacket)
    USBD_ClrClassConfig                      0x0800546d   Thumb Code    16  usbd_core.o(i.USBD_ClrClassConfig)
    USBD_CtlContinueRx                       0x0800547d   Thumb Code    16  usbd_ioreq.o(i.USBD_CtlContinueRx)
    USBD_CtlContinueSendData                 0x0800548d   Thumb Code    16  usbd_ioreq.o(i.USBD_CtlContinueSendData)
    USBD_CtlError                            0x0800549d   Thumb Code    20  usbd_ctlreq.o(i.USBD_CtlError)
    USBD_CtlPrepareRx                        0x080054b1   Thumb Code    32  usbd_ioreq.o(i.USBD_CtlPrepareRx)
    USBD_CtlReceiveStatus                    0x080054d1   Thumb Code    24  usbd_ioreq.o(i.USBD_CtlReceiveStatus)
    USBD_CtlSendData                         0x080054e9   Thumb Code    28  usbd_ioreq.o(i.USBD_CtlSendData)
    USBD_CtlSendStatus                       0x08005505   Thumb Code    24  usbd_ioreq.o(i.USBD_CtlSendStatus)
    USBD_FS_ConfigStrDescriptor              0x0800551d   Thumb Code    16  usbd_desc.o(i.USBD_FS_ConfigStrDescriptor)
    USBD_FS_DeviceDescriptor                 0x0800553d   Thumb Code     8  usbd_desc.o(i.USBD_FS_DeviceDescriptor)
    USBD_FS_InterfaceStrDescriptor           0x08005549   Thumb Code    16  usbd_desc.o(i.USBD_FS_InterfaceStrDescriptor)
    USBD_FS_LangIDStrDescriptor              0x0800556d   Thumb Code     8  usbd_desc.o(i.USBD_FS_LangIDStrDescriptor)
    USBD_FS_ManufacturerStrDescriptor        0x08005579   Thumb Code    16  usbd_desc.o(i.USBD_FS_ManufacturerStrDescriptor)
    USBD_FS_ProductStrDescriptor             0x080055a1   Thumb Code    16  usbd_desc.o(i.USBD_FS_ProductStrDescriptor)
    USBD_FS_SerialStrDescriptor              0x080055cd   Thumb Code    16  usbd_desc.o(i.USBD_FS_SerialStrDescriptor)
    USBD_GetString                           0x080056d1   Thumb Code    68  usbd_ctlreq.o(i.USBD_GetString)
    USBD_Init                                0x08005715   Thumb Code    50  usbd_core.o(i.USBD_Init)
    USBD_LL_ClearStallEP                     0x08005747   Thumb Code    18  usbd_conf.o(i.USBD_LL_ClearStallEP)
    USBD_LL_CloseEP                          0x08005759   Thumb Code    18  usbd_conf.o(i.USBD_LL_CloseEP)
    USBD_LL_DataInStage                      0x0800576b   Thumb Code   182  usbd_core.o(i.USBD_LL_DataInStage)
    USBD_LL_DataOutStage                     0x08005821   Thumb Code   116  usbd_core.o(i.USBD_LL_DataOutStage)
    USBD_LL_GetRxDataSize                    0x08005895   Thumb Code    16  usbd_conf.o(i.USBD_LL_GetRxDataSize)
    USBD_LL_Init                             0x080058a5   Thumb Code   122  usbd_conf.o(i.USBD_LL_Init)
    USBD_LL_IsStallEP                        0x0800592d   Thumb Code    36  usbd_conf.o(i.USBD_LL_IsStallEP)
    USBD_LL_OpenEP                           0x08005951   Thumb Code    24  usbd_conf.o(i.USBD_LL_OpenEP)
    USBD_LL_PrepareReceive                   0x08005969   Thumb Code    18  usbd_conf.o(i.USBD_LL_PrepareReceive)
    USBD_LL_Reset                            0x0800597b   Thumb Code    70  usbd_core.o(i.USBD_LL_Reset)
    USBD_LL_Resume                           0x080059c1   Thumb Code    12  usbd_core.o(i.USBD_LL_Resume)
    USBD_LL_SOF                              0x080059cd   Thumb Code    30  usbd_core.o(i.USBD_LL_SOF)
    USBD_LL_SetSpeed                         0x080059eb   Thumb Code     6  usbd_core.o(i.USBD_LL_SetSpeed)
    USBD_LL_SetUSBAddress                    0x080059f1   Thumb Code    18  usbd_conf.o(i.USBD_LL_SetUSBAddress)
    USBD_LL_SetupStage                       0x08005a03   Thumb Code    94  usbd_core.o(i.USBD_LL_SetupStage)
    USBD_LL_StallEP                          0x08005a61   Thumb Code    18  usbd_conf.o(i.USBD_LL_StallEP)
    USBD_LL_Start                            0x08005a73   Thumb Code    18  usbd_conf.o(i.USBD_LL_Start)
    USBD_LL_Suspend                          0x08005a85   Thumb Code    16  usbd_core.o(i.USBD_LL_Suspend)
    USBD_LL_Transmit                         0x08005a95   Thumb Code    18  usbd_conf.o(i.USBD_LL_Transmit)
    USBD_ParseSetupRequest                   0x08005aa7   Thumb Code    40  usbd_ctlreq.o(i.USBD_ParseSetupRequest)
    USBD_RegisterClass                       0x08005acf   Thumb Code    22  usbd_core.o(i.USBD_RegisterClass)
    USBD_SetClassConfig                      0x08005ae5   Thumb Code    28  usbd_core.o(i.USBD_SetClassConfig)
    USBD_Start                               0x08005b71   Thumb Code    10  usbd_core.o(i.USBD_Start)
    USBD_StdDevReq                           0x08005b7b   Thumb Code   238  usbd_ctlreq.o(i.USBD_StdDevReq)
    USBD_StdEPReq                            0x08005c69   Thumb Code   234  usbd_ctlreq.o(i.USBD_StdEPReq)
    USBD_StdItfReq                           0x08005d53   Thumb Code    58  usbd_ctlreq.o(i.USBD_StdItfReq)
    USBD_static_free                         0x08005d8d   Thumb Code     2  usbd_conf.o(i.USBD_static_free)
    USBD_static_malloc                       0x08005d91   Thumb Code     4  usbd_conf.o(i.USBD_static_malloc)
    USB_IRQHandler                           0x08005d99   Thumb Code    10  stm32f0xx_it.o(i.USB_IRQHandler)
    __ARM_common_switch8                     0x08005da9   Thumb Code    26  usbd_ctlreq.o(i.__ARM_common_switch8)
    __ARM_fpclassifyf                        0x08005dc3   Thumb Code    34  fpclassifyf.o(i.__ARM_fpclassifyf)
    __mathlib_flt_infnan                     0x08005de5   Thumb Code    10  funder.o(i.__mathlib_flt_infnan)
    __mathlib_flt_infnan2                    0x08005def   Thumb Code     8  funder.o(i.__mathlib_flt_infnan2)
    __mathlib_flt_invalid                    0x08005df7   Thumb Code    12  funder.o(i.__mathlib_flt_invalid)
    __mathlib_flt_underflow                  0x08005e03   Thumb Code    14  funder.o(i.__mathlib_flt_underflow)
    __scatterload_copy                       0x08005e11   Thumb Code    14  handlers.o(i.__scatterload_copy)
    __scatterload_null                       0x08005e1f   Thumb Code     2  handlers.o(i.__scatterload_null)
    __scatterload_zeroinit                   0x08005e21   Thumb Code    14  handlers.o(i.__scatterload_zeroinit)
    __set_errno                              0x08005e31   Thumb Code     6  errno.o(i.__set_errno)
    abs_user                                 0x08005e3d   Thumb Code    14  main.o(i.abs_user)
    acosf                                    0x08005e4d   Thumb Code   228  acosf.o(i.acosf)
    atan2f                                   0x08005f59   Thumb Code   526  atan2f.o(i.atan2f)
    calibation_fn                            0x080061b5   Thumb Code   242  main.o(i.calibation_fn)
    constrain                                0x080062b1   Thumb Code    32  main.o(i.constrain)
    flip_PD_controller                       0x080062d1   Thumb Code   384  main.o(i.flip_PD_controller)
    getPIDgain                               0x08006469   Thumb Code   342  main.o(i.getPIDgain)
    getRCcommand                             0x080065d9   Thumb Code   100  main.o(i.getRCcommand)
    imuComputeRotationMatrix                 0x08006649   Thumb Code   266  main.o(i.imuComputeRotationMatrix)
    init_mode_pin                            0x0800675d   Thumb Code    32  main.o(i.init_mode_pin)
    invSqrt                                  0x0800677d   Thumb Code    18  main.o(i.invSqrt)
    main                                     0x08006791   Thumb Code   388  main.o(i.main)
    sq                                       0x0800693d   Thumb Code    10  main.o(i.sq)
    sqrtf                                    0x08006947   Thumb Code    44  sqrtf.o(i.sqrtf)
    stabilize_fn                             0x08006975   Thumb Code    80  main.o(i.stabilize_fn)
    AHBPrescTable                            0x080069cc   Data          16  system_stm32f0xx.o(.constdata)
    APBPrescTable                            0x080069dc   Data           8  system_stm32f0xx.o(.constdata)
    Region$$Table$$Base                      0x080069e4   Number         0  anon$$obj.o(Region$$Table)
    Region$$Table$$Limit                     0x08006a04   Number         0  anon$$obj.o(Region$$Table)
    FS_Desc                                  0x20000000   Data          28  usbd_desc.o(.data)
    USBD_LangIDDesc                          0x2000001c   Data           4  usbd_desc.o(.data)
    USBD_FS_DeviceDesc                       0x20000020   Data          18  usbd_desc.o(.data)
    UserTxBufPtrIn                           0x20000034   Data           2  usbd_cdc_if.o(.data)
    UserTxBufPtrOut                          0x20000036   Data           2  usbd_cdc_if.o(.data)
    LineCoding                               0x20000038   Data           8  usbd_cdc_if.o(.data)
    USBD_Interface_fops_FS                   0x20000040   Data          16  usbd_cdc_if.o(.data)
    _function1_lock                          0x20000050   Data           1  main.o(.data)
    _function2_lock                          0x20000051   Data           1  main.o(.data)
    _Sampling_task_do                        0x20000052   Data           1  main.o(.data)
    Mode                                     0x20000053   Data           1  main.o(.data)
    Flag_setPID_gain_success                 0x20000054   Data           1  main.o(.data)
    calibation_pass                          0x20000055   Data           1  main.o(.data)
    spi_rx_data_index                        0x20000056   Data           1  main.o(.data)
    rawAccx_X                                0x2000005a   Data           2  main.o(.data)
    rawAccx_Y                                0x2000005c   Data           2  main.o(.data)
    rawAccx_Z                                0x2000005e   Data           2  main.o(.data)
    rawGyrox_X                               0x20000060   Data           2  main.o(.data)
    rawGyrox_Y                               0x20000062   Data           2  main.o(.data)
    rawGyrox_Z                               0x20000064   Data           2  main.o(.data)
    gx_diff                                  0x20000066   Data           2  main.o(.data)
    gy_diff                                  0x20000068   Data           2  main.o(.data)
    gz_diff                                  0x2000006a   Data           2  main.o(.data)
    ax_diff                                  0x2000006c   Data           2  main.o(.data)
    ay_diff                                  0x2000006e   Data           2  main.o(.data)
    watchdog                                 0x20000070   Data           2  main.o(.data)
    motor_A                                  0x20000072   Data           2  main.o(.data)
    motor_B                                  0x20000074   Data           2  main.o(.data)
    motor_C                                  0x20000076   Data           2  main.o(.data)
    motor_D                                  0x20000078   Data           2  main.o(.data)
    q_pitch                                  0x2000007e   Data           2  main.o(.data)
    q_roll                                   0x20000080   Data           2  main.o(.data)
    count                                    0x20000082   Data           2  main.o(.data)
    delay_compensate                         0x20000088   Data           4  main.o(.data)
    beta                                     0x2000008c   Data           4  main.o(.data)
    q0                                       0x20000090   Data           4  main.o(.data)
    q1                                       0x20000094   Data           4  main.o(.data)
    q2                                       0x20000098   Data           4  main.o(.data)
    q3                                       0x2000009c   Data           4  main.o(.data)
    T_center                                 0x200000a0   Data           4  main.o(.data)
    Error_yaw                                0x200000a4   Data           4  main.o(.data)
    Errer_pitch                              0x200000a8   Data           4  main.o(.data)
    Error_roll                               0x200000ac   Data           4  main.o(.data)
    Sum_Error_yaw                            0x200000b0   Data           4  main.o(.data)
    Sum_Error_pitch                          0x200000b4   Data           4  main.o(.data)
    Sum_Error_roll                           0x200000b8   Data           4  main.o(.data)
    D_Error_yaw                              0x200000bc   Data           4  main.o(.data)
    D_Error_pitch                            0x200000c0   Data           4  main.o(.data)
    D_Error_roll                             0x200000c4   Data           4  main.o(.data)
    Del_yaw                                  0x200000c8   Data           4  main.o(.data)
    Del_pitch                                0x200000cc   Data           4  main.o(.data)
    Del_roll                                 0x200000d0   Data           4  main.o(.data)
    Kp_roll                                  0x200000d4   Data           4  main.o(.data)
    Ki_roll                                  0x200000d8   Data           4  main.o(.data)
    Kd_roll                                  0x200000dc   Data           4  main.o(.data)
    Kp_pitch                                 0x200000e0   Data           4  main.o(.data)
    Ki_pitch                                 0x200000e4   Data           4  main.o(.data)
    Kd_pitch                                 0x200000e8   Data           4  main.o(.data)
    Kp_yaw                                   0x200000ec   Data           4  main.o(.data)
    Ki_yaw                                   0x200000f0   Data           4  main.o(.data)
    Kd_yaw                                   0x200000f4   Data           4  main.o(.data)
    Kp_flip                                  0x200000f8   Data           4  main.o(.data)
    Kd_flip                                  0x200000fc   Data           4  main.o(.data)
    Acc_start                                0x20000100   Data           4  main.o(.data)
    ch1                                      0x20000104   Data           4  main.o(.data)
    ch2                                      0x20000108   Data           4  main.o(.data)
    ch3                                      0x2000010c   Data           4  main.o(.data)
    ch4                                      0x20000110   Data           4  main.o(.data)
    T_center_buffer                          0x20000114   Data           4  main.o(.data)
    gyx_d                                    0x20000118   Data           4  main.o(.data)
    gyy_d                                    0x2000011c   Data           4  main.o(.data)
    gyz_d                                    0x20000120   Data           4  main.o(.data)
    acx_d                                    0x20000124   Data           4  main.o(.data)
    acy_d                                    0x20000128   Data           4  main.o(.data)
    _gyx_d                                   0x2000012c   Data           4  main.o(.data)
    _gyy_d                                   0x20000130   Data           4  main.o(.data)
    _gyz_d                                   0x20000134   Data           4  main.o(.data)
    _acx_d                                   0x20000138   Data           4  main.o(.data)
    _acy_d                                   0x2000013c   Data           4  main.o(.data)
    SystemCoreClock                          0x2000015c   Data           4  system_stm32f0xx.o(.data)
    USBD_CDC_CfgHSDesc                       0x20000174   Data          67  usbd_cdc.o(.data)
    USBD_CDC_CfgFSDesc                       0x200001b8   Data          67  usbd_cdc.o(.data)
    USBD_CDC_OtherSpeedCfgDesc               0x200001fc   Data          67  usbd_cdc.o(.data)
    USBD_CDC                                 0x20000240   Data          56  usbd_cdc.o(.data)
    uwTick                                   0x20000278   Data           4  stm32f0xx_hal.o(.data)
    hpcd_USB_FS                              0x200004a0   Data         544  usbd_conf.o(.bss)
    USBD_StrDesc                             0x200006c0   Data         512  usbd_desc.o(.bss)
    hUsbDeviceFS                             0x200008c0   Data         548  usb_device.o(.bss)
    UserRxBufferFS                           0x20000ae4   Data         640  usbd_cdc_if.o(.bss)
    UserTxBufferFS                           0x20000d64   Data         640  usbd_cdc_if.o(.bss)
    rMat                                     0x20000fe4   Data          36  main.o(.bss)
    spi_rx_data                              0x20001008   Data          96  main.o(.bss)
    hi2c1                                    0x20001068   Data          76  main.o(.bss)
    hspi1                                    0x200010b4   Data         100  main.o(.bss)
    htim2                                    0x20001118   Data          60  main.o(.bss)
    htim3                                    0x20001154   Data          60  main.o(.bss)
    htim14                                   0x20001190   Data          60  main.o(.bss)
    htim16                                   0x200011cc   Data          60  main.o(.bss)
    htim17                                   0x20001208   Data          60  main.o(.bss)
    filed_yaw                                0x20001244   Data          20  main.o(.bss)
    filed_pitch                              0x20001258   Data          20  main.o(.bss)
    huart1                                   0x2000126c   Data         112  main.o(.bss)
    hdma_usart1_tx                           0x200012dc   Data          60  main.o(.bss)
    __initial_sp                             0x20001718   Data           0  startup_stm32f042x6.o(STACK)



==============================================================================

Memory Map of the image

  Image Entry point : 0x080000c1

  Load Region LR_IROM1 (Base: 0x08000000, Size: 0x00006c84, Max: 0x00008000, ABSOLUTE, COMPRESSED[0x00006af8])

    Execution Region ER_IROM1 (Base: 0x08000000, Size: 0x00006a04, Max: 0x00008000, ABSOLUTE)

    Base Addr    Size         Type   Attr      Idx    E Section Name        Object

    0x08000000   0x000000c0   Data   RO          967    RESET               startup_stm32f042x6.o
    0x080000c0   0x00000000   Code   RO         4448  * .ARM.Collect$$$$00000000  mc_p.l(entry.o)
    0x080000c0   0x00000004   Code   RO         4493    .ARM.Collect$$$$00000001  mc_p.l(entry2.o)
    0x080000c4   0x00000004   Code   RO         4496    .ARM.Collect$$$$00000004  mc_p.l(entry5.o)
    0x080000c8   0x00000000   Code   RO         4498    .ARM.Collect$$$$00000008  mc_p.l(entry7b.o)
    0x080000c8   0x00000000   Code   RO         4500    .ARM.Collect$$$$0000000A  mc_p.l(entry8b.o)
    0x080000c8   0x00000008   Code   RO         4501    .ARM.Collect$$$$0000000B  mc_p.l(entry9a.o)
    0x080000d0   0x00000000   Code   RO         4503    .ARM.Collect$$$$0000000D  mc_p.l(entry10a.o)
    0x080000d0   0x00000000   Code   RO         4505    .ARM.Collect$$$$0000000F  mc_p.l(entry11a.o)
    0x080000d0   0x00000004   Code   RO         4494    .ARM.Collect$$$$00002712  mc_p.l(entry2.o)
    0x080000d4   0x00000058   Code   RO          968    .text               startup_stm32f042x6.o
    0x0800012c   0x0000002c   Code   RO         4451    .text               mc_p.l(uidiv.o)
    0x08000158   0x00000014   Code   RO         4457    .text               mc_p.l(uread4.o)
    0x0800016c   0x000000b2   Code   RO         4459    .text               mf_p.l(fadd.o)
    0x0800021e   0x0000007a   Code   RO         4461    .text               mf_p.l(fmul.o)
    0x08000298   0x0000007c   Code   RO         4463    .text               mf_p.l(fdiv.o)
    0x08000314   0x00000018   Code   RO         4465    .text               mf_p.l(fscalb.o)
    0x0800032c   0x00000016   Code   RO         4467    .text               mf_p.l(fflti.o)
    0x08000342   0x00000032   Code   RO         4469    .text               mf_p.l(ffixi.o)
    0x08000374   0x00000028   Code   RO         4471    .text               mf_p.l(ffixui.o)
    0x0800039c   0x00000014   Code   RO         4473    .text               mf_p.l(cfcmple.o)
    0x080003b0   0x00000014   Code   RO         4475    .text               mf_p.l(cfrcmple.o)
    0x080003c4   0x00000000   Code   RO         4514    .text               mc_p.l(iusefp.o)
    0x080003c4   0x00000082   Code   RO         4515    .text               mf_p.l(fepilogue.o)
    0x08000446   0x00000058   Code   RO         4517    .text               mf_p.l(fsqrt.o)
    0x0800049e   0x00000002   PAD
    0x080004a0   0x00000024   Code   RO         4519    .text               mc_p.l(init.o)
    0x080004c4   0x00000056   Code   RO         4529    .text               mc_p.l(__dczerorl2.o)
    0x0800051a   0x00000002   PAD
    0x0800051c   0x00000320   Code   RO          582    i.AHRS              main.o
    0x0800083c   0x00000064   Code   RO          583    i.Butterworth_filter  main.o
    0x080008a0   0x00000064   Code   RO          511    i.CDC_Control_FS    usbd_cdc_if.o
    0x08000904   0x00000010   Code   RO          512    i.CDC_DeInit_FS     usbd_cdc_if.o
    0x08000914   0x00000078   Code   RO          513    i.CDC_Init_FS       usbd_cdc_if.o
    0x0800098c   0x00000024   Code   RO          514    i.CDC_Receive_FS    usbd_cdc_if.o
    0x080009b0   0x00000030   Code   RO          515    i.CDC_Transmit_FS   usbd_cdc_if.o
    0x080009e0   0x000000a8   Code   RO          516    i.ComPort_Config    usbd_cdc_if.o
    0x08000a88   0x00000010   Code   RO          439    i.DMA1_Channel2_3_IRQHandler  stm32f0xx_it.o
    0x08000a98   0x0000001e   Code   RO         1762    i.DMA_SetConfig     stm32f0xx_hal_dma.o
    0x08000ab6   0x00000002   PAD
    0x08000ab8   0x00000074   Code   RO          584    i.Drive_motor_output  main.o
    0x08000b2c   0x0000000a   Code   RO          440    i.EXTI0_1_IRQHandler  stm32f0xx_it.o
    0x08000b36   0x00000002   Code   RO          585    i.Error_Handler     main.o
    0x08000b38   0x0000001c   Code   RO          586    i.Function1_call    main.o
    0x08000b54   0x000000cc   Code   RO          587    i.Function2_call    main.o
    0x08000c20   0x000000cc   Code   RO         1765    i.HAL_DMA_DeInit    stm32f0xx_hal_dma.o
    0x08000cec   0x000001dc   Code   RO         1768    i.HAL_DMA_IRQHandler  stm32f0xx_hal_dma.o
    0x08000ec8   0x00000054   Code   RO         1769    i.HAL_DMA_Init      stm32f0xx_hal_dma.o
    0x08000f1c   0x0000004e   Code   RO         1772    i.HAL_DMA_Start_IT  stm32f0xx_hal_dma.o
    0x08000f6a   0x00000016   Code   RO         4077    i.HAL_Delay         stm32f0xx_hal.o
    0x08000f80   0x000000c8   Code   RO         1933    i.HAL_GPIO_DeInit   stm32f0xx_hal_gpio.o
    0x08001048   0x00000010   Code   RO          588    i.HAL_GPIO_EXTI_Callback  main.o
    0x08001058   0x00000018   Code   RO         1935    i.HAL_GPIO_EXTI_IRQHandler  stm32f0xx_hal_gpio.o
    0x08001070   0x0000013c   Code   RO         1936    i.HAL_GPIO_Init     stm32f0xx_hal_gpio.o
    0x080011ac   0x0000000a   Code   RO         1938    i.HAL_GPIO_ReadPin  stm32f0xx_hal_gpio.o
    0x080011b6   0x00000008   Code   RO         1939    i.HAL_GPIO_TogglePin  stm32f0xx_hal_gpio.o
    0x080011be   0x0000000c   Code   RO         1940    i.HAL_GPIO_WritePin  stm32f0xx_hal_gpio.o
    0x080011ca   0x00000002   PAD
    0x080011cc   0x0000000c   Code   RO         4081    i.HAL_GetTick       stm32f0xx_hal.o
    0x080011d8   0x0000004a   Code   RO         4022    i.HAL_I2CEx_ConfigAnalogFilter  stm32f0xx_hal_i2c_ex.o
    0x08001222   0x00000002   PAD
    0x08001224   0x000000a8   Code   RO         3347    i.HAL_I2C_Init      stm32f0xx_hal_i2c.o
    0x080012cc   0x00000158   Code   RO         3363    i.HAL_I2C_Mem_Read  stm32f0xx_hal_i2c.o
    0x08001424   0x00000154   Code   RO         3366    i.HAL_I2C_Mem_Write  stm32f0xx_hal_i2c.o
    0x08001578   0x00000048   Code   RO          881    i.HAL_I2C_MspInit   stm32f0xx_hal_msp.o
    0x080015c0   0x00000010   Code   RO         4082    i.HAL_IncTick       stm32f0xx_hal.o
    0x080015d0   0x00000020   Code   RO         4083    i.HAL_Init          stm32f0xx_hal.o
    0x080015f0   0x00000022   Code   RO         4084    i.HAL_InitTick      stm32f0xx_hal.o
    0x08001612   0x00000002   PAD
    0x08001614   0x00000038   Code   RO          882    i.HAL_MspInit       stm32f0xx_hal_msp.o
    0x0800164c   0x00000014   Code   RO         3761    i.HAL_NVIC_DisableIRQ  stm32f0xx_hal_cortex.o
    0x08001660   0x00000014   Code   RO         3762    i.HAL_NVIC_EnableIRQ  stm32f0xx_hal_cortex.o
    0x08001674   0x00000008   Code   RO         3766    i.HAL_NVIC_SetPriority  stm32f0xx_hal_cortex.o
    0x0800167c   0x0000003a   Code   RO         2066    i.HAL_PCDEx_PMAConfig  stm32f0xx_hal_pcd_ex.o
    0x080016b6   0x00000018   Code   RO            5    i.HAL_PCD_DataInStageCallback  usbd_conf.o
    0x080016ce   0x0000001c   Code   RO            6    i.HAL_PCD_DataOutStageCallback  usbd_conf.o
    0x080016ea   0x00000002   PAD
    0x080016ec   0x00000168   Code   RO         3125    i.HAL_PCD_EP_Close  stm32f0xx_hal_pcd.o
    0x08001854   0x000000b4   Code   RO         3126    i.HAL_PCD_EP_ClrStall  stm32f0xx_hal_pcd.o
    0x08001908   0x00000014   Code   RO         3128    i.HAL_PCD_EP_GetRxCount  stm32f0xx_hal_pcd.o
    0x0800191c   0x000002a4   Code   RO         3129    i.HAL_PCD_EP_Open   stm32f0xx_hal_pcd.o
    0x08001bc0   0x00000138   Code   RO         3130    i.HAL_PCD_EP_Receive  stm32f0xx_hal_pcd.o
    0x08001cf8   0x00000094   Code   RO         3131    i.HAL_PCD_EP_SetStall  stm32f0xx_hal_pcd.o
    0x08001d8c   0x0000018c   Code   RO         3132    i.HAL_PCD_EP_Transmit  stm32f0xx_hal_pcd.o
    0x08001f18   0x0000010c   Code   RO         3134    i.HAL_PCD_IRQHandler  stm32f0xx_hal_pcd.o
    0x08002024   0x0000009a   Code   RO         3137    i.HAL_PCD_Init      stm32f0xx_hal_pcd.o
    0x080020be   0x00000002   PAD
    0x080020c0   0x00000028   Code   RO           11    i.HAL_PCD_MspInit   usbd_conf.o
    0x080020e8   0x00000018   Code   RO           12    i.HAL_PCD_ResetCallback  usbd_conf.o
    0x08002100   0x0000002c   Code   RO           13    i.HAL_PCD_ResumeCallback  usbd_conf.o
    0x0800212c   0x00000010   Code   RO           14    i.HAL_PCD_SOFCallback  usbd_conf.o
    0x0800213c   0x0000002c   Code   RO         3143    i.HAL_PCD_SetAddress  stm32f0xx_hal_pcd.o
    0x08002168   0x00000016   Code   RO           15    i.HAL_PCD_SetupStageCallback  usbd_conf.o
    0x0800217e   0x00000012   Code   RO         3145    i.HAL_PCD_Start     stm32f0xx_hal_pcd.o
    0x08002190   0x00000028   Code   RO           16    i.HAL_PCD_SuspendCallback  usbd_conf.o
    0x080021b8   0x0000010c   Code   RO         3865    i.HAL_RCCEx_PeriphCLKConfig  stm32f0xx_hal_rcc_ex.o
    0x080022c4   0x00000154   Code   RO         1842    i.HAL_RCC_ClockConfig  stm32f0xx_hal_rcc.o
    0x08002418   0x0000000c   Code   RO         1847    i.HAL_RCC_GetHCLKFreq  stm32f0xx_hal_rcc.o
    0x08002424   0x00000020   Code   RO         1849    i.HAL_RCC_GetPCLK1Freq  stm32f0xx_hal_rcc.o
    0x08002444   0x00000088   Code   RO         1850    i.HAL_RCC_GetSysClockFreq  stm32f0xx_hal_rcc.o
    0x080024cc   0x000003d8   Code   RO         1853    i.HAL_RCC_OscConfig  stm32f0xx_hal_rcc.o
    0x080028a4   0x0000001c   Code   RO          589    i.HAL_SPI_ErrorCallback  main.o
    0x080028c0   0x0000008a   Code   RO         1370    i.HAL_SPI_IRQHandler  stm32f0xx_hal_spi.o
    0x0800294a   0x00000002   PAD
    0x0800294c   0x000000d0   Code   RO         1371    i.HAL_SPI_Init      stm32f0xx_hal_spi.o
    0x08002a1c   0x0000005c   Code   RO          884    i.HAL_SPI_MspInit   stm32f0xx_hal_msp.o
    0x08002a78   0x000000fc   Code   RO         1376    i.HAL_SPI_Receive_IT  stm32f0xx_hal_spi.o
    0x08002b74   0x0000011c   Code   RO          590    i.HAL_SPI_RxCpltCallback  main.o
    0x08002c90   0x00000114   Code   RO         1382    i.HAL_SPI_TransmitReceive_IT  stm32f0xx_hal_spi.o
    0x08002da4   0x00000002   Code   RO         1387    i.HAL_SPI_TxRxCpltCallback  stm32f0xx_hal_spi.o
    0x08002da6   0x00000002   PAD
    0x08002da8   0x00000018   Code   RO         3768    i.HAL_SYSTICK_CLKSourceConfig  stm32f0xx_hal_cortex.o
    0x08002dc0   0x00000002   Code   RO         3769    i.HAL_SYSTICK_Callback  stm32f0xx_hal_cortex.o
    0x08002dc2   0x00000002   PAD
    0x08002dc4   0x00000030   Code   RO         3770    i.HAL_SYSTICK_Config  stm32f0xx_hal_cortex.o
    0x08002df4   0x00000008   Code   RO         3771    i.HAL_SYSTICK_IRQHandler  stm32f0xx_hal_cortex.o
    0x08002dfc   0x00000002   Code   RO         4191    i.HAL_TIMEx_BreakCallback  stm32f0xx_hal_tim_ex.o
    0x08002dfe   0x00000002   Code   RO         4192    i.HAL_TIMEx_CommutationCallback  stm32f0xx_hal_tim_ex.o
    0x08002e00   0x00000048   Code   RO         4208    i.HAL_TIMEx_MasterConfigSynchronization  stm32f0xx_hal_tim_ex.o
    0x08002e48   0x00000034   Code   RO         2088    i.HAL_TIM_Base_Init  stm32f0xx_hal_tim.o
    0x08002e7c   0x00000068   Code   RO          886    i.HAL_TIM_Base_MspInit  stm32f0xx_hal_msp.o
    0x08002ee4   0x00000016   Code   RO         2093    i.HAL_TIM_Base_Start_IT  stm32f0xx_hal_tim.o
    0x08002efa   0x00000002   Code   RO         2117    i.HAL_TIM_IC_CaptureCallback  stm32f0xx_hal_tim.o
    0x08002efc   0x00000162   Code   RO         2130    i.HAL_TIM_IRQHandler  stm32f0xx_hal_tim.o
    0x0800305e   0x00000002   PAD
    0x08003060   0x00000060   Code   RO          887    i.HAL_TIM_MspPostInit  stm32f0xx_hal_msp.o
    0x080030c0   0x00000002   Code   RO         2133    i.HAL_TIM_OC_DelayElapsedCallback  stm32f0xx_hal_tim.o
    0x080030c2   0x000000d0   Code   RO         2154    i.HAL_TIM_PWM_ConfigChannel  stm32f0xx_hal_tim.o
    0x08003192   0x00000034   Code   RO         2157    i.HAL_TIM_PWM_Init  stm32f0xx_hal_tim.o
    0x080031c6   0x00000002   PAD
    0x080031c8   0x0000003c   Code   RO          889    i.HAL_TIM_PWM_MspInit  stm32f0xx_hal_msp.o
    0x08003204   0x00000002   Code   RO         2160    i.HAL_TIM_PWM_PulseFinishedCallback  stm32f0xx_hal_tim.o
    0x08003206   0x00000002   PAD
    0x08003208   0x00000044   Code   RO         2161    i.HAL_TIM_PWM_Start  stm32f0xx_hal_tim.o
    0x0800324c   0x00000014   Code   RO          591    i.HAL_TIM_PeriodElapsedCallback  main.o
    0x08003260   0x00000002   Code   RO         2171    i.HAL_TIM_TriggerCallback  stm32f0xx_hal_tim.o
    0x08003262   0x00000002   Code   RO         3947    i.HAL_UARTEx_WakeupCallback  stm32f0xx_hal_uart_ex.o
    0x08003264   0x0000003e   Code   RO         2723    i.HAL_UART_DeInit   stm32f0xx_hal_uart.o
    0x080032a2   0x00000002   Code   RO         2724    i.HAL_UART_ErrorCallback  stm32f0xx_hal_uart.o
    0x080032a4   0x000000d8   Code   RO         2727    i.HAL_UART_IRQHandler  stm32f0xx_hal_uart.o
    0x0800337c   0x0000006c   Code   RO         2728    i.HAL_UART_Init     stm32f0xx_hal_uart.o
    0x080033e8   0x0000003c   Code   RO          890    i.HAL_UART_MspDeInit  stm32f0xx_hal_msp.o
    0x08003424   0x00000080   Code   RO          891    i.HAL_UART_MspInit  stm32f0xx_hal_msp.o
    0x080034a4   0x000000a8   Code   RO         2733    i.HAL_UART_Receive_IT  stm32f0xx_hal_uart.o
    0x0800354c   0x00000040   Code   RO          517    i.HAL_UART_RxCpltCallback  usbd_cdc_if.o
    0x0800358c   0x00000090   Code   RO         2737    i.HAL_UART_Transmit_DMA  stm32f0xx_hal_uart.o
    0x0800361c   0x00000010   Code   RO          518    i.HAL_UART_TxCpltCallback  usbd_cdc_if.o
    0x0800362c   0x00000002   Code   RO         2740    i.HAL_UART_TxHalfCpltCallback  stm32f0xx_hal_uart.o
    0x0800362e   0x00000002   Code   RO          441    i.HardFault_Handler  stm32f0xx_it.o
    0x08003630   0x00000022   Code   RO         3389    i.I2C_Flush_TXDR    stm32f0xx_hal_i2c.o
    0x08003652   0x00000002   PAD
    0x08003654   0x00000074   Code   RO         3397    i.I2C_IsAcknowledgeFailed  stm32f0xx_hal_i2c.o
    0x080036c8   0x0000006a   Code   RO         3400    i.I2C_RequestMemoryRead  stm32f0xx_hal_i2c.o
    0x08003732   0x0000006a   Code   RO         3401    i.I2C_RequestMemoryWrite  stm32f0xx_hal_i2c.o
    0x0800379c   0x00000024   Code   RO         3404    i.I2C_TransferConfig  stm32f0xx_hal_i2c.o
    0x080037c0   0x00000048   Code   RO         3405    i.I2C_WaitOnFlagUntilTimeout  stm32f0xx_hal_i2c.o
    0x08003808   0x0000004e   Code   RO         3407    i.I2C_WaitOnSTOPFlagUntilTimeout  stm32f0xx_hal_i2c.o
    0x08003856   0x00000052   Code   RO         3408    i.I2C_WaitOnTXISFlagUntilTimeout  stm32f0xx_hal_i2c.o
    0x080038a8   0x000000ac   Code   RO          592    i.Initial_MPU6050   main.o
    0x08003954   0x00000050   Code   RO          595    i.MPU6050_WriteBit  main.o
    0x080039a4   0x00000054   Code   RO          596    i.MPU6050_WriteBits  main.o
    0x080039f8   0x000000a4   Code   RO          597    i.MX_GPIO_Init      main.o
    0x08003a9c   0x00000044   Code   RO          598    i.MX_I2C1_Init      main.o
    0x08003ae0   0x00000064   Code   RO          599    i.MX_NVIC_Init      main.o
    0x08003b44   0x0000003c   Code   RO          600    i.MX_SPI1_Init      main.o
    0x08003b80   0x00000074   Code   RO          601    i.MX_TIM2_Init      main.o
    0x08003bf4   0x00000074   Code   RO          602    i.MX_TIM3_Init      main.o
    0x08003c68   0x00000034   Code   RO          405    i.MX_USB_DEVICE_Init  usb_device.o
    0x08003c9c   0x00000002   Code   RO          442    i.NMI_Handler       stm32f0xx_it.o
    0x08003c9e   0x00000002   PAD
    0x08003ca0   0x00000044   Code   RO         3772    i.NVIC_SetPriority  stm32f0xx_hal_cortex.o
    0x08003ce4   0x00000338   Code   RO         3148    i.PCD_EP_ISR_Handler  stm32f0xx_hal_pcd.o
    0x0800401c   0x0000001e   Code   RO         3149    i.PCD_ReadPMA       stm32f0xx_hal_pcd.o
    0x0800403a   0x00000026   Code   RO         3150    i.PCD_WritePMA      stm32f0xx_hal_pcd.o
    0x08004060   0x00000288   Code   RO          603    i.PID_controller    main.o
    0x080042e8   0x00000150   Code   RO          604    i.Read_MPU6050      main.o
    0x08004438   0x00000010   Code   RO          443    i.SPI1_IRQHandler   stm32f0xx_it.o
    0x08004448   0x0000004c   Code   RO         1389    i.SPI_2linesRxISR_16BIT  stm32f0xx_hal_spi.o
    0x08004494   0x0000001a   Code   RO         1390    i.SPI_2linesRxISR_16BITCRC  stm32f0xx_hal_spi.o
    0x080044ae   0x00000002   PAD
    0x080044b0   0x00000078   Code   RO         1391    i.SPI_2linesRxISR_8BIT  stm32f0xx_hal_spi.o
    0x08004528   0x00000028   Code   RO         1392    i.SPI_2linesRxISR_8BITCRC  stm32f0xx_hal_spi.o
    0x08004550   0x00000050   Code   RO         1393    i.SPI_2linesTxISR_16BIT  stm32f0xx_hal_spi.o
    0x080045a0   0x00000064   Code   RO         1394    i.SPI_2linesTxISR_8BIT  stm32f0xx_hal_spi.o
    0x08004604   0x0000006c   Code   RO         1395    i.SPI_CloseRxTx_ISR  stm32f0xx_hal_spi.o
    0x08004670   0x0000005c   Code   RO         1396    i.SPI_CloseRx_ISR   stm32f0xx_hal_spi.o
    0x080046cc   0x0000006e   Code   RO         1405    i.SPI_EndRxTransaction  stm32f0xx_hal_spi.o
    0x0800473a   0x00000032   Code   RO         1406    i.SPI_EndRxTxTransaction  stm32f0xx_hal_spi.o
    0x0800476c   0x00000050   Code   RO         1407    i.SPI_RxISR_16BIT   stm32f0xx_hal_spi.o
    0x080047bc   0x0000001a   Code   RO         1408    i.SPI_RxISR_16BITCRC  stm32f0xx_hal_spi.o
    0x080047d6   0x00000002   PAD
    0x080047d8   0x00000050   Code   RO         1409    i.SPI_RxISR_8BIT    stm32f0xx_hal_spi.o
    0x08004828   0x0000001a   Code   RO         1410    i.SPI_RxISR_8BITCRC  stm32f0xx_hal_spi.o
    0x08004842   0x00000002   PAD
    0x08004844   0x000000a4   Code   RO         1413    i.SPI_WaitFifoStateUntilTimeout  stm32f0xx_hal_spi.o
    0x080048e8   0x00000090   Code   RO         1414    i.SPI_WaitFlagStateUntilTimeout  stm32f0xx_hal_spi.o
    0x08004978   0x00000034   Code   RO          606    i.Sampling_task     main.o
    0x080049ac   0x0000001e   Code   RO          607    i.Smooth_filter     main.o
    0x080049ca   0x0000000c   Code   RO          444    i.SysTick_Handler   stm32f0xx_it.o
    0x080049d6   0x00000002   PAD
    0x080049d8   0x0000007c   Code   RO          608    i.SystemClock_Config  main.o
    0x08004a54   0x0000005c   Code   RO          975    i.SystemInit        system_stm32f0xx.o
    0x08004ab0   0x00000010   Code   RO          445    i.TIM17_IRQHandler  stm32f0xx_it.o
    0x08004ac0   0x0000007c   Code   RO         2172    i.TIM_Base_SetConfig  stm32f0xx_hal_tim.o
    0x08004b3c   0x00000016   Code   RO         2173    i.TIM_CCxChannelCmd  stm32f0xx_hal_tim.o
    0x08004b52   0x00000002   PAD
    0x08004b54   0x00000078   Code   RO         2181    i.TIM_OC1_SetConfig  stm32f0xx_hal_tim.o
    0x08004bcc   0x00000074   Code   RO         2182    i.TIM_OC2_SetConfig  stm32f0xx_hal_tim.o
    0x08004c40   0x00000078   Code   RO         2183    i.TIM_OC3_SetConfig  stm32f0xx_hal_tim.o
    0x08004cb8   0x00000060   Code   RO         2184    i.TIM_OC4_SetConfig  stm32f0xx_hal_tim.o
    0x08004d18   0x00000044   Code   RO          519    i.Tim17_loop        usbd_cdc_if.o
    0x08004d5c   0x000000ca   Code   RO         2741    i.UART_AdvFeatureConfig  stm32f0xx_hal_uart.o
    0x08004e26   0x00000002   PAD
    0x08004e28   0x00000060   Code   RO         2742    i.UART_CheckIdleState  stm32f0xx_hal_uart.o
    0x08004e88   0x00000024   Code   RO         2743    i.UART_DMAError     stm32f0xx_hal_uart.o
    0x08004eac   0x00000030   Code   RO         2746    i.UART_DMATransmitCplt  stm32f0xx_hal_uart.o
    0x08004edc   0x0000000a   Code   RO         2747    i.UART_DMATxHalfCplt  stm32f0xx_hal_uart.o
    0x08004ee6   0x0000001a   Code   RO         2748    i.UART_EndTransmit_IT  stm32f0xx_hal_uart.o
    0x08004f00   0x00000082   Code   RO         2749    i.UART_Receive_IT   stm32f0xx_hal_uart.o
    0x08004f82   0x00000002   PAD
    0x08004f84   0x00000130   Code   RO         2750    i.UART_SetConfig    stm32f0xx_hal_uart.o
    0x080050b4   0x00000066   Code   RO         2751    i.UART_Transmit_IT  stm32f0xx_hal_uart.o
    0x0800511a   0x000000b2   Code   RO         2752    i.UART_WaitOnFlagUntilTimeout  stm32f0xx_hal_uart.o
    0x080051cc   0x00000010   Code   RO          446    i.USART1_IRQHandler  stm32f0xx_it.o
    0x080051dc   0x0000001e   Code   RO         1071    i.USBD_CDC_DataIn   usbd_cdc.o
    0x080051fa   0x00000034   Code   RO         1072    i.USBD_CDC_DataOut  usbd_cdc.o
    0x0800522e   0x0000003c   Code   RO         1073    i.USBD_CDC_DeInit   usbd_cdc.o
    0x0800526a   0x00000028   Code   RO         1074    i.USBD_CDC_EP0_RxReady  usbd_cdc.o
    0x08005292   0x00000002   PAD
    0x08005294   0x0000000c   Code   RO         1075    i.USBD_CDC_GetDeviceQualifierDescriptor  usbd_cdc.o
    0x080052a0   0x0000000c   Code   RO         1076    i.USBD_CDC_GetFSCfgDesc  usbd_cdc.o
    0x080052ac   0x0000000c   Code   RO         1077    i.USBD_CDC_GetHSCfgDesc  usbd_cdc.o
    0x080052b8   0x0000000c   Code   RO         1078    i.USBD_CDC_GetOtherSpeedCfgDesc  usbd_cdc.o
    0x080052c4   0x0000008a   Code   RO         1079    i.USBD_CDC_Init     usbd_cdc.o
    0x0800534e   0x00000038   Code   RO         1080    i.USBD_CDC_ReceivePacket  usbd_cdc.o
    0x08005386   0x00000014   Code   RO         1081    i.USBD_CDC_RegisterInterface  usbd_cdc.o
    0x0800539a   0x00000014   Code   RO         1082    i.USBD_CDC_SetRxBuffer  usbd_cdc.o
    0x080053ae   0x00000016   Code   RO         1083    i.USBD_CDC_SetTxBuffer  usbd_cdc.o
    0x080053c4   0x00000074   Code   RO         1084    i.USBD_CDC_Setup    usbd_cdc.o
    0x08005438   0x00000034   Code   RO         1085    i.USBD_CDC_TransmitPacket  usbd_cdc.o
    0x0800546c   0x00000010   Code   RO         1229    i.USBD_ClrClassConfig  usbd_core.o
    0x0800547c   0x00000010   Code   RO         1173    i.USBD_CtlContinueRx  usbd_ioreq.o
    0x0800548c   0x00000010   Code   RO         1174    i.USBD_CtlContinueSendData  usbd_ioreq.o
    0x0800549c   0x00000014   Code   RO         1008    i.USBD_CtlError     usbd_ctlreq.o
    0x080054b0   0x00000020   Code   RO         1175    i.USBD_CtlPrepareRx  usbd_ioreq.o
    0x080054d0   0x00000018   Code   RO         1176    i.USBD_CtlReceiveStatus  usbd_ioreq.o
    0x080054e8   0x0000001c   Code   RO         1177    i.USBD_CtlSendData  usbd_ioreq.o
    0x08005504   0x00000018   Code   RO         1178    i.USBD_CtlSendStatus  usbd_ioreq.o
    0x0800551c   0x00000020   Code   RO          341    i.USBD_FS_ConfigStrDescriptor  usbd_desc.o
    0x0800553c   0x0000000c   Code   RO          342    i.USBD_FS_DeviceDescriptor  usbd_desc.o
    0x08005548   0x00000024   Code   RO          343    i.USBD_FS_InterfaceStrDescriptor  usbd_desc.o
    0x0800556c   0x0000000c   Code   RO          344    i.USBD_FS_LangIDStrDescriptor  usbd_desc.o
    0x08005578   0x00000028   Code   RO          345    i.USBD_FS_ManufacturerStrDescriptor  usbd_desc.o
    0x080055a0   0x0000002c   Code   RO          346    i.USBD_FS_ProductStrDescriptor  usbd_desc.o
    0x080055cc   0x00000024   Code   RO          347    i.USBD_FS_SerialStrDescriptor  usbd_desc.o
    0x080055f0   0x000000e0   Code   RO         1009    i.USBD_GetDescriptor  usbd_ctlreq.o
    0x080056d0   0x00000044   Code   RO         1010    i.USBD_GetString    usbd_ctlreq.o
    0x08005714   0x00000032   Code   RO         1231    i.USBD_Init         usbd_core.o
    0x08005746   0x00000012   Code   RO           17    i.USBD_LL_ClearStallEP  usbd_conf.o
    0x08005758   0x00000012   Code   RO           18    i.USBD_LL_CloseEP   usbd_conf.o
    0x0800576a   0x000000b6   Code   RO         1232    i.USBD_LL_DataInStage  usbd_core.o
    0x08005820   0x00000074   Code   RO         1233    i.USBD_LL_DataOutStage  usbd_core.o
    0x08005894   0x00000010   Code   RO           22    i.USBD_LL_GetRxDataSize  usbd_conf.o
    0x080058a4   0x00000088   Code   RO           23    i.USBD_LL_Init      usbd_conf.o
    0x0800592c   0x00000024   Code   RO           24    i.USBD_LL_IsStallEP  usbd_conf.o
    0x08005950   0x00000018   Code   RO           25    i.USBD_LL_OpenEP    usbd_conf.o
    0x08005968   0x00000012   Code   RO           26    i.USBD_LL_PrepareReceive  usbd_conf.o
    0x0800597a   0x00000046   Code   RO         1238    i.USBD_LL_Reset     usbd_core.o
    0x080059c0   0x0000000c   Code   RO         1239    i.USBD_LL_Resume    usbd_core.o
    0x080059cc   0x0000001e   Code   RO         1240    i.USBD_LL_SOF       usbd_core.o
    0x080059ea   0x00000006   Code   RO         1241    i.USBD_LL_SetSpeed  usbd_core.o
    0x080059f0   0x00000012   Code   RO           27    i.USBD_LL_SetUSBAddress  usbd_conf.o
    0x08005a02   0x0000005e   Code   RO         1242    i.USBD_LL_SetupStage  usbd_core.o
    0x08005a60   0x00000012   Code   RO           28    i.USBD_LL_StallEP   usbd_conf.o
    0x08005a72   0x00000012   Code   RO           29    i.USBD_LL_Start     usbd_conf.o
    0x08005a84   0x00000010   Code   RO         1243    i.USBD_LL_Suspend   usbd_core.o
    0x08005a94   0x00000012   Code   RO           31    i.USBD_LL_Transmit  usbd_conf.o
    0x08005aa6   0x00000028   Code   RO         1011    i.USBD_ParseSetupRequest  usbd_ctlreq.o
    0x08005ace   0x00000016   Code   RO         1244    i.USBD_RegisterClass  usbd_core.o
    0x08005ae4   0x0000001c   Code   RO         1246    i.USBD_SetClassConfig  usbd_core.o
    0x08005b00   0x00000070   Code   RO         1012    i.USBD_SetConfig    usbd_ctlreq.o
    0x08005b70   0x0000000a   Code   RO         1247    i.USBD_Start        usbd_core.o
    0x08005b7a   0x000000ee   Code   RO         1013    i.USBD_StdDevReq    usbd_ctlreq.o
    0x08005c68   0x000000ea   Code   RO         1014    i.USBD_StdEPReq     usbd_ctlreq.o
    0x08005d52   0x0000003a   Code   RO         1015    i.USBD_StdItfReq    usbd_ctlreq.o
    0x08005d8c   0x00000002   Code   RO           32    i.USBD_static_free  usbd_conf.o
    0x08005d8e   0x00000002   PAD
    0x08005d90   0x00000008   Code   RO           33    i.USBD_static_malloc  usbd_conf.o
    0x08005d98   0x00000010   Code   RO          447    i.USB_IRQHandler    stm32f0xx_it.o
    0x08005da8   0x0000001a   Code   RO         1063    i.__ARM_common_switch8  usbd_ctlreq.o
    0x08005dc2   0x00000022   Code   RO         4477    i.__ARM_fpclassifyf  m_ps.l(fpclassifyf.o)
    0x08005de4   0x0000000a   Code   RO         4480    i.__mathlib_flt_infnan  m_ps.l(funder.o)
    0x08005dee   0x00000008   Code   RO         4481    i.__mathlib_flt_infnan2  m_ps.l(funder.o)
    0x08005df6   0x0000000c   Code   RO         4482    i.__mathlib_flt_invalid  m_ps.l(funder.o)
    0x08005e02   0x0000000e   Code   RO         4485    i.__mathlib_flt_underflow  m_ps.l(funder.o)
    0x08005e10   0x0000000e   Code   RO         4523    i.__scatterload_copy  mc_p.l(handlers.o)
    0x08005e1e   0x00000002   Code   RO         4524    i.__scatterload_null  mc_p.l(handlers.o)
    0x08005e20   0x0000000e   Code   RO         4525    i.__scatterload_zeroinit  mc_p.l(handlers.o)
    0x08005e2e   0x00000002   PAD
    0x08005e30   0x0000000c   Code   RO         4509    i.__set_errno       mc_p.l(errno.o)
    0x08005e3c   0x0000000e   Code   RO          609    i.abs_user          main.o
    0x08005e4a   0x00000002   PAD
    0x08005e4c   0x0000010c   Code   RO         4425    i.acosf             m_ps.l(acosf.o)
    0x08005f58   0x0000025c   Code   RO         4433    i.atan2f            m_ps.l(atan2f.o)
    0x080061b4   0x000000fc   Code   RO          610    i.calibation_fn     main.o
    0x080062b0   0x00000020   Code   RO          611    i.constrain         main.o
    0x080062d0   0x00000198   Code   RO          612    i.flip_PD_controller  main.o
    0x08006468   0x00000170   Code   RO          613    i.getPIDgain        main.o
    0x080065d8   0x00000070   Code   RO          614    i.getRCcommand      main.o
    0x08006648   0x00000114   Code   RO          615    i.imuComputeRotationMatrix  main.o
    0x0800675c   0x00000020   Code   RO          616    i.init_mode_pin     main.o
    0x0800677c   0x00000012   Code   RO          617    i.invSqrt           main.o
    0x0800678e   0x00000002   PAD
    0x08006790   0x000001ac   Code   RO          618    i.main              main.o
    0x0800693c   0x0000000a   Code   RO          621    i.sq                main.o
    0x08006946   0x0000002c   Code   RO         4441    i.sqrtf             m_ps.l(sqrtf.o)
    0x08006972   0x00000002   PAD
    0x08006974   0x00000058   Code   RO          622    i.stabilize_fn      main.o
    0x080069cc   0x00000010   Data   RO          976    .constdata          system_stm32f0xx.o
    0x080069dc   0x00000008   Data   RO          977    .constdata          system_stm32f0xx.o
    0x080069e4   0x00000020   Data   RO         4521    Region$$Table       anon$$obj.o


    Execution Region RW_IRAM1 (Base: 0x20000000, Size: 0x00001718, Max: 0x00001800, ABSOLUTE, COMPRESSED[0x000000f4])

    Base Addr    Size         Type   Attr      Idx    E Section Name        Object

    0x20000000   0x0000001c   Data   RW          349    .data               usbd_desc.o
    0x2000001c   0x00000016   Data   RW          350    .data               usbd_desc.o
    0x20000032   0x00000002   PAD
    0x20000034   0x0000000c   Data   RW          521    .data               usbd_cdc_if.o
    0x20000040   0x00000010   Data   RW          522    .data               usbd_cdc_if.o
    0x20000050   0x0000010c   Data   RW          628    .data               main.o
    0x2000015c   0x00000004   Data   RW          978    .data               system_stm32f0xx.o
    0x20000160   0x00000001   Data   RW         1016    .data               usbd_ctlreq.o
    0x20000161   0x00000003   PAD
    0x20000164   0x000000db   Data   RW         1086    .data               usbd_cdc.o
    0x2000023f   0x00000001   PAD
    0x20000240   0x00000038   Data   RW         1087    .data               usbd_cdc.o
    0x20000278   0x00000004   Data   RW         4089    .data               stm32f0xx_hal.o
    0x2000027c   0x00000004   Data   RW         4510    .data               mc_p.l(errno.o)
    0x20000280   0x00000440   Zero   RW           34    .bss                usbd_conf.o
    0x200006c0   0x00000200   Zero   RW          348    .bss                usbd_desc.o
    0x200008c0   0x00000224   Zero   RW          406    .bss                usb_device.o
    0x20000ae4   0x00000500   Zero   RW          520    .bss                usbd_cdc_if.o
    0x20000fe4   0x00000288   Zero   RW          623    .bss                main.o
    0x2000126c   0x00000070   Zero   RW          625    .bss                main.o
    0x200012dc   0x0000003c   Zero   RW          626    .bss                main.o
    0x20001318   0x00000400   Zero   RW          965    STACK               startup_stm32f042x6.o


==============================================================================

Image component sizes


      Code (inc. data)   RO Data    RW Data    ZI Data      Debug   Object Name

      5786        422          0        268        820      26540   main.o
        88         38        192          0       1024        584   startup_stm32f042x6.o
       116         18          0          4          0       3407   stm32f0xx_hal.o
       198         34          0          0          0      10873   stm32f0xx_hal_cortex.o
       872         16          0          0          0       4084   stm32f0xx_hal_dma.o
       570         46          0          0          0       4721   stm32f0xx_hal_gpio.o
      1482         26          0          0          0      11342   stm32f0xx_hal_i2c.o
        74          0          0          0          0       1075   stm32f0xx_hal_i2c_ex.o
       668         90          0          0          0       5038   stm32f0xx_hal_msp.o
      3468        144          0          0          0      13271   stm32f0xx_hal_pcd.o
        58          0          0          0          0       1182   stm32f0xx_hal_pcd_ex.o
      1504        102          0          0          0       5001   stm32f0xx_hal_rcc.o
       268         14          0          0          0       1432   stm32f0xx_hal_rcc_ex.o
      2198         80          0          0          0      14413   stm32f0xx_hal_spi.o
      1362         82          0          0          0      11324   stm32f0xx_hal_tim.o
        76          0          0          0          0       2194   stm32f0xx_hal_tim_ex.o
      1834         50          0          0          0      12009   stm32f0xx_hal_uart.o
         2          0          0          0          0        924   stm32f0xx_hal_uart_ex.o
       106         30          0          0          0       3708   stm32f0xx_it.o
        92         14         24          4          0       1291   system_stm32f0xx.o
        52         16          0          0        548        628   usb_device.o
       654         20          0        275          0      12146   usbd_cdc.o
       636         92          0         28       1280       5575   usbd_cdc_if.o
       586         40          0          0       1088     499521   usbd_conf.o
       652          0          0          0          0       8812   usbd_core.o
      1020         34          0          1          0       7604   usbd_ctlreq.o
       212        116          0         50        512       4627   usbd_desc.o
       140          0          0          0          0       4128   usbd_ioreq.o

    ----------------------------------------------------------------------
     24824       1524        248        636       5272     677454   Object Totals
         0          0         32          0          0          0   (incl. Generated)
        50          0          0          6          0          0   (incl. Padding)

    ----------------------------------------------------------------------

      Code (inc. data)   RO Data    RW Data    ZI Data      Debug   Library Member Name

       268         40          0          0          0         76   acosf.o
       604         78          0          0          0        120   atan2f.o
        34          0          0          0          0         60   fpclassifyf.o
        44          0          0          0          0        272   funder.o
        44          0          0          0          0         72   sqrtf.o
        86          0          0          0          0          0   __dczerorl2.o
         0          0          0          0          0          0   entry.o
         0          0          0          0          0          0   entry10a.o
         0          0          0          0          0          0   entry11a.o
         8          4          0          0          0          0   entry2.o
         4          0          0          0          0          0   entry5.o
         0          0          0          0          0          0   entry7b.o
         0          0          0          0          0          0   entry8b.o
         8          4          0          0          0          0   entry9a.o
        12          6          0          4          0         60   errno.o
        30          0          0          0          0          0   handlers.o
        36          8          0          0          0         68   init.o
         0          0          0          0          0          0   iusefp.o
        44          0          0          0          0         72   uidiv.o
        20          0          0          0          0         60   uread4.o
        20          0          0          0          0         68   cfcmple.o
        20          0          0          0          0         68   cfrcmple.o
       178          0          0          0          0        108   fadd.o
       124          0          0          0          0         72   fdiv.o
       130          0          0          0          0        144   fepilogue.o
        50          0          0          0          0         60   ffixi.o
        40          0          0          0          0         60   ffixui.o
        22          0          0          0          0         68   fflti.o
       122          0          0          0          0         72   fmul.o
        24          0          0          0          0         60   fscalb.o
        88          0          0          0          0         72   fsqrt.o

    ----------------------------------------------------------------------
      2068        140          0          4          0       1712   Library Totals
         8          0          0          0          0          0   (incl. Padding)

    ----------------------------------------------------------------------

      Code (inc. data)   RO Data    RW Data    ZI Data      Debug   Library Name

       994        118          0          0          0        600   m_ps.l
       248         22          0          4          0        260   mc_p.l
       818          0          0          0          0        852   mf_p.l

    ----------------------------------------------------------------------
      2068        140          0          4          0       1712   Library Totals

    ----------------------------------------------------------------------

==============================================================================


      Code (inc. data)   RO Data    RW Data    ZI Data      Debug   

     26892       1664        248        640       5272     667626   Grand Totals
     26892       1664        248        244       5272     667626   ELF Image Totals (compressed)
     26892       1664        248        244          0          0   ROM Totals

==============================================================================

    Total RO  Size (Code + RO Data)                27140 (  26.50kB)
    Total RW  Size (RW Data + ZI Data)              5912 (   5.77kB)
    Total ROM Size (Code + RO Data + RW Data)      27384 (  26.74kB)

==============================================================================

